Archive member included to satisfy reference by file (symbol)

/opt/st/stm32cubeide_1.14.0/plugins/com.st.stm32cube.ide.mcu.externaltools.gnu-tools-for-stm32.11.3.rel1.linux64_1.1.100.202309141235/tools/bin/../lib/gcc/arm-none-eabi/11.3.1/../../../../arm-none-eabi/lib/thumb/v7e-m+fp/hard/libc_nano.a(libc_a-exit.o)
                              /opt/st/stm32cubeide_1.14.0/plugins/com.st.stm32cube.ide.mcu.externaltools.gnu-tools-for-stm32.11.3.rel1.linux64_1.1.100.202309141235/tools/bin/../lib/gcc/arm-none-eabi/11.3.1/../../../../arm-none-eabi/lib/thumb/v7e-m+fp/hard/crt0.o (exit)
/opt/st/stm32cubeide_1.14.0/plugins/com.st.stm32cube.ide.mcu.externaltools.gnu-tools-for-stm32.11.3.rel1.linux64_1.1.100.202309141235/tools/bin/../lib/gcc/arm-none-eabi/11.3.1/../../../../arm-none-eabi/lib/thumb/v7e-m+fp/hard/libc_nano.a(libc_a-findfp.o)
                              /opt/st/stm32cubeide_1.14.0/plugins/com.st.stm32cube.ide.mcu.externaltools.gnu-tools-for-stm32.11.3.rel1.linux64_1.1.100.202309141235/tools/bin/../lib/gcc/arm-none-eabi/11.3.1/../../../../arm-none-eabi/lib/thumb/v7e-m+fp/hard/libc_nano.a(libc_a-exit.o) (__stdio_exit_handler)
/opt/st/stm32cubeide_1.14.0/plugins/com.st.stm32cube.ide.mcu.externaltools.gnu-tools-for-stm32.11.3.rel1.linux64_1.1.100.202309141235/tools/bin/../lib/gcc/arm-none-eabi/11.3.1/../../../../arm-none-eabi/lib/thumb/v7e-m+fp/hard/libc_nano.a(libc_a-fwalk.o)
                              /opt/st/stm32cubeide_1.14.0/plugins/com.st.stm32cube.ide.mcu.externaltools.gnu-tools-for-stm32.11.3.rel1.linux64_1.1.100.202309141235/tools/bin/../lib/gcc/arm-none-eabi/11.3.1/../../../../arm-none-eabi/lib/thumb/v7e-m+fp/hard/libc_nano.a(libc_a-findfp.o) (_fwalk_sglue)
/opt/st/stm32cubeide_1.14.0/plugins/com.st.stm32cube.ide.mcu.externaltools.gnu-tools-for-stm32.11.3.rel1.linux64_1.1.100.202309141235/tools/bin/../lib/gcc/arm-none-eabi/11.3.1/../../../../arm-none-eabi/lib/thumb/v7e-m+fp/hard/libc_nano.a(libc_a-stdio.o)
                              /opt/st/stm32cubeide_1.14.0/plugins/com.st.stm32cube.ide.mcu.externaltools.gnu-tools-for-stm32.11.3.rel1.linux64_1.1.100.202309141235/tools/bin/../lib/gcc/arm-none-eabi/11.3.1/../../../../arm-none-eabi/lib/thumb/v7e-m+fp/hard/libc_nano.a(libc_a-findfp.o) (__sread)
/opt/st/stm32cubeide_1.14.0/plugins/com.st.stm32cube.ide.mcu.externaltools.gnu-tools-for-stm32.11.3.rel1.linux64_1.1.100.202309141235/tools/bin/../lib/gcc/arm-none-eabi/11.3.1/../../../../arm-none-eabi/lib/thumb/v7e-m+fp/hard/libc_nano.a(libc_a-memset.o)
                              /opt/st/stm32cubeide_1.14.0/plugins/com.st.stm32cube.ide.mcu.externaltools.gnu-tools-for-stm32.11.3.rel1.linux64_1.1.100.202309141235/tools/bin/../lib/gcc/arm-none-eabi/11.3.1/../../../../arm-none-eabi/lib/thumb/v7e-m+fp/hard/crt0.o (memset)
/opt/st/stm32cubeide_1.14.0/plugins/com.st.stm32cube.ide.mcu.externaltools.gnu-tools-for-stm32.11.3.rel1.linux64_1.1.100.202309141235/tools/bin/../lib/gcc/arm-none-eabi/11.3.1/../../../../arm-none-eabi/lib/thumb/v7e-m+fp/hard/libc_nano.a(libc_a-closer.o)
                              /opt/st/stm32cubeide_1.14.0/plugins/com.st.stm32cube.ide.mcu.externaltools.gnu-tools-for-stm32.11.3.rel1.linux64_1.1.100.202309141235/tools/bin/../lib/gcc/arm-none-eabi/11.3.1/../../../../arm-none-eabi/lib/thumb/v7e-m+fp/hard/libc_nano.a(libc_a-stdio.o) (_close_r)
/opt/st/stm32cubeide_1.14.0/plugins/com.st.stm32cube.ide.mcu.externaltools.gnu-tools-for-stm32.11.3.rel1.linux64_1.1.100.202309141235/tools/bin/../lib/gcc/arm-none-eabi/11.3.1/../../../../arm-none-eabi/lib/thumb/v7e-m+fp/hard/libc_nano.a(libc_a-reent.o)
                              /opt/st/stm32cubeide_1.14.0/plugins/com.st.stm32cube.ide.mcu.externaltools.gnu-tools-for-stm32.11.3.rel1.linux64_1.1.100.202309141235/tools/bin/../lib/gcc/arm-none-eabi/11.3.1/../../../../arm-none-eabi/lib/thumb/v7e-m+fp/hard/libc_nano.a(libc_a-closer.o) (errno)
/opt/st/stm32cubeide_1.14.0/plugins/com.st.stm32cube.ide.mcu.externaltools.gnu-tools-for-stm32.11.3.rel1.linux64_1.1.100.202309141235/tools/bin/../lib/gcc/arm-none-eabi/11.3.1/../../../../arm-none-eabi/lib/thumb/v7e-m+fp/hard/libc_nano.a(libc_a-impure.o)
                              /opt/st/stm32cubeide_1.14.0/plugins/com.st.stm32cube.ide.mcu.externaltools.gnu-tools-for-stm32.11.3.rel1.linux64_1.1.100.202309141235/tools/bin/../lib/gcc/arm-none-eabi/11.3.1/../../../../arm-none-eabi/lib/thumb/v7e-m+fp/hard/libc_nano.a(libc_a-reent.o) (_impure_ptr)
/opt/st/stm32cubeide_1.14.0/plugins/com.st.stm32cube.ide.mcu.externaltools.gnu-tools-for-stm32.11.3.rel1.linux64_1.1.100.202309141235/tools/bin/../lib/gcc/arm-none-eabi/11.3.1/../../../../arm-none-eabi/lib/thumb/v7e-m+fp/hard/libc_nano.a(libc_a-lseekr.o)
                              /opt/st/stm32cubeide_1.14.0/plugins/com.st.stm32cube.ide.mcu.externaltools.gnu-tools-for-stm32.11.3.rel1.linux64_1.1.100.202309141235/tools/bin/../lib/gcc/arm-none-eabi/11.3.1/../../../../arm-none-eabi/lib/thumb/v7e-m+fp/hard/libc_nano.a(libc_a-stdio.o) (_lseek_r)
[...]
Memory Configuration

Name             Origin             Length             Attributes
RAM              0x0000000020000000 0x0000000000010000 xrw
FLASH            0x0000000008000000 0x0000000000040000 xr
*default*        0x0000000000000000 0xffffffffffffffff

Linker script and memory map

LOAD /opt/st/stm32cubeide_1.14.0/plugins/com.st.stm32cube.ide.mcu.externaltools.gnu-tools-for-stm32.11.3.rel1.linux64_1.1.100.202309141235/tools/bin/../lib/gcc/arm-none-eabi/11.3.1/thumb/v7e-m+fp/hard/crti.o
LOAD /opt/st/stm32cubeide_1.14.0/plugins/com.st.stm32cube.ide.mcu.externaltools.gnu-tools-for-stm32.11.3.rel1.linux64_1.1.100.202309141235/tools/bin/../lib/gcc/arm-none-eabi/11.3.1/thumb/v7e-m+fp/hard/crtbegin.o
LOAD /opt/st/stm32cubeide_1.14.0/plugins/com.st.stm32cube.ide.mcu.externaltools.gnu-tools-for-stm32.11.3.rel1.linux64_1.1.100.202309141235/tools/bin/../lib/gcc/arm-none-eabi/11.3.1/../../../../arm-none-eabi/lib/thumb/v7e-m+fp/hard/crt0.o
LOAD ./Core/Src/BNO08X.o
LOAD ./Core/Src/DHT22.o
LOAD ./Core/Src/HX711.o
LOAD ./Core/Src/MAX6675.o
LOAD ./Core/Src/Motor.o
LOAD ./Core/Src/Voltage_Current.o
LOAD ./Core/Src/communication_full.o
LOAD ./Core/Src/fonts.o
LOAD ./Core/Src/main.o
LOAD ./Core/Src/stm32f4xx_hal_msp.o
LOAD ./Core/Src/stm32f4xx_it.o
LOAD ./Core/Src/syscalls.o
LOAD ./Core/Src/sysmem.o
LOAD ./Core/Src/system_stm32f4xx.o
LOAD ./Core/Src/tft.o
LOAD ./Core/Startup/startup_stm32f401ccux.o
LOAD ./Drivers/STM32F4xx_HAL_Driver/Src/stm32f4xx_hal.o
LOAD ./Drivers/STM32F4xx_HAL_Driver/Src/stm32f4xx_hal_adc.o
LOAD ./Drivers/STM32F4xx_HAL_Driver/Src/stm32f4xx_hal_adc_ex.o
LOAD ./Drivers/STM32F4xx_HAL_Driver/Src/stm32f4xx_hal_cortex.o
LOAD ./Drivers/STM32F4xx_HAL_Driver/Src/stm32f4xx_hal_dma.o
LOAD ./Drivers/STM32F4xx_HAL_Driver/Src/stm32f4xx_hal_dma_ex.o
LOAD ./Drivers/STM32F4xx_HAL_Driver/Src/stm32f4xx_hal_exti.o
LOAD ./Drivers/STM32F4xx_HAL_Driver/Src/stm32f4xx_hal_flash.o
LOAD ./Drivers/STM32F4xx_HAL_Driver/Src/stm32f4xx_hal_flash_ex.o
LOAD ./Drivers/STM32F4xx_HAL_Driver/Src/stm32f4xx_hal_flash_ramfunc.o
LOAD ./Drivers/STM32F4xx_HAL_Driver/Src/stm32f4xx_hal_gpio.o
LOAD ./Drivers/STM32F4xx_HAL_Driver/Src/stm32f4xx_hal_pwr.o
LOAD ./Drivers/STM32F4xx_HAL_Driver/Src/stm32f4xx_hal_pwr_ex.o
LOAD ./Drivers/STM32F4xx_HAL_Driver/Src/stm32f4xx_hal_rcc.o
LOAD ./Drivers/STM32F4xx_HAL_Driver/Src/stm32f4xx_hal_rcc_ex.o
LOAD ./Drivers/STM32F4xx_HAL_Driver/Src/stm32f4xx_hal_spi.o
LOAD ./Drivers/STM32F4xx_HAL_Driver/Src/stm32f4xx_hal_tim.o
LOAD ./Drivers/STM32F4xx_HAL_Driver/Src/stm32f4xx_hal_tim_ex.o
LOAD ./Drivers/STM32F4xx_HAL_Driver/Src/stm32f4xx_hal_uart.o
LOAD ./Drivers/STM32F4xx_HAL_Driver/Src/stm32f4xx_ll_adc.o
START GROUP
LOAD /opt/st/stm32cubeide_1.14.0/plugins/com.st.stm32cube.ide.mcu.externaltools.gnu-tools-for-stm32.11.3.rel1.linux64_1.1.100.202309141235/tools/bin/../lib/gcc/arm-none-eabi/11.3.1/../../../../arm-none-eabi/lib/thumb/v7e-m+fp/hard/libc_nano.a
LOAD /opt/st/stm32cubeide_1.14.0/plugins/com.st.stm32cube.ide.mcu.externaltools.gnu-tools-for-stm32.11.3.rel1.linux64_1.1.100.202309141235/tools/bin/../lib/gcc/arm-none-eabi/11.3.1/../../../../arm-none-eabi/lib/thumb/v7e-m+fp/hard/libm.a
END GROUP
START GROUP
LOAD /opt/st/stm32cubeide_1.14.0/plugins/com.st.stm32cube.ide.mcu.externaltools.gnu-tools-for-stm32.11.3.rel1.linux64_1.1.100.202309141235/tools/bin/../lib/gcc/arm-none-eabi/11.3.1/thumb/v7e-m+fp/hard/libgcc.a
LOAD /opt/st/stm32cubeide_1.14.0/plugins/com.st.stm32cube.ide.mcu.externaltools.gnu-tools-for-stm32.11.3.rel1.linux64_1.1.100.202309141235/tools/bin/../lib/gcc/arm-none-eabi/11.3.1/../../../../arm-none-eabi/lib/thumb/v7e-m+fp/hard/libc_nano.a
END GROUP
START GROUP
LOAD /opt/st/stm32cubeide_1.14.0/plugins/com.st.stm32cube.ide.mcu.externaltools.gnu-tools-for-stm32.11.3.rel1.linux64_1.1.100.202309141235/tools/bin/../lib/gcc/arm-none-eabi/11.3.1/thumb/v7e-m+fp/hard/libgcc.a
LOAD /opt/st/stm32cubeide_1.14.0/plugins/com.st.stm32cube.ide.mcu.externaltools.gnu-tools-for-stm32.11.3.rel1.linux64_1.1.100.202309141235/tools/bin/../lib/gcc/arm-none-eabi/11.3.1/../../../../arm-none-eabi/lib/thumb/v7e-m+fp/hard/libc_nano.a
LOAD /opt/st/stm32cubeide_1.14.0/plugins/com.st.stm32cube.ide.mcu.externaltools.gnu-tools-for-stm32.11.3.rel1.linux64_1.1.100.202309141235/tools/bin/../lib/gcc/arm-none-eabi/11.3.1/../../../../arm-none-eabi/lib/thumb/v7e-m+fp/hard/libnosys.a
END GROUP
START GROUP
LOAD /opt/st/stm32cubeide_1.14.0/plugins/com.st.stm32cube.ide.mcu.externaltools.gnu-tools-for-stm32.11.3.rel1.linux64_1.1.100.202309141235/tools/bin/../lib/gcc/arm-none-eabi/11.3.1/thumb/v7e-m+fp/hard/libgcc.a
LOAD /opt/st/stm32cubeide_1.14.0/plugins/com.st.stm32cube.ide.mcu.externaltools.gnu-tools-for-stm32.11.3.rel1.linux64_1.1.100.202309141235/tools/bin/../lib/gcc/arm-none-eabi/11.3.1/../../../../arm-none-eabi/lib/thumb/v7e-m+fp/hard/libc_nano.a
LOAD /opt/st/stm32cubeide_1.14.0/plugins/com.st.stm32cube.ide.mcu.externaltools.gnu-tools-for-stm32.11.3.rel1.linux64_1.1.100.202309141235/tools/bin/../lib/gcc/arm-none-eabi/11.3.1/../../../../arm-none-eabi/lib/thumb/v7e-m+fp/hard/libnosys.a
END GROUP
LOAD /opt/st/stm32cubeide_1.14.0/plugins/com.st.stm32cube.ide.mcu.externaltools.gnu-tools-for-stm32.11.3.rel1.linux64_1.1.100.202309141235/tools/bin/../lib/gcc/arm-none-eabi/11.3.1/thumb/v7e-m+fp/hard/crtend.o
LOAD /opt/st/stm32cubeide_1.14.0/plugins/com.st.stm32cube.ide.mcu.externaltools.gnu-tools-for-stm32.11.3.rel1.linux64_1.1.100.202309141235/tools/bin/../lib/gcc/arm-none-eabi/11.3.1/thumb/v7e-m+fp/hard/crtn.o
                0x0000000020010000                _estack = (ORIGIN (RAM) + LENGTH (RAM))
                0x0000000000000200                _Min_Heap_Size = 0x200
                0x0000000000000400                _Min_Stack_Size = 0x400

.isr_vector     0x0000000008000000      0x194
                0x0000000008000000                . = ALIGN (0x4)
 *(.isr_vector)
 .isr_vector    0x0000000008000000      0x194 ./Core/Startup/startup_stm32f401ccux.o
                0x0000000008000000                g_pfnVectors
                0x0000000008000194                . = ALIGN (0x4)

.text           0x0000000008000198     0x6cec
                0x0000000008000198                . = ALIGN (0x4)
 *(.text)
 .text          0x0000000008000198       0x40 /opt/st/stm32cubeide_1.14.0/plugins/com.st.stm32cube.ide.mcu.externaltools.gnu-tools-for-stm32.11.3.rel1.linux64_1.1.100.202309141235/tools/bin/../lib/gcc/arm-none-eabi/11.3.1/thumb/v7e-m+fp/hard/crtbegin.o
 .text          0x00000000080001d8      0x378 /opt/st/stm32cubeide_1.14.0/plugins/com.st.stm32cube.ide.mcu.externaltools.gnu-tools-for-stm32.11.3.rel1.linux64_1.1.100.202309141235/tools/bin/../lib/gcc/arm-none-eabi/11.3.1/thumb/v7e-m+fp/hard/libgcc.a(_arm_addsubdf3.o)
                0x00000000080001d8                __aeabi_drsub
                0x00000000080001e0                __aeabi_dsub
                0x00000000080001e0                __subdf3
                0x00000000080001e4                __adddf3
                0x00000000080001e4                __aeabi_dadd
                0x000000000800045c                __aeabi_ui2d
                0x000000000800045c                __floatunsidf
                0x000000000800047c                __floatsidf
                0x000000000800047c                __aeabi_i2d
                0x00000000080004a0                __extendsfdf2
                0x00000000080004a0                __aeabi_f2d
                0x00000000080004e4                __aeabi_ul2d
                0x00000000080004e4                __floatundidf
                0x00000000080004f4                __floatdidf
                0x00000000080004f4                __aeabi_l2d
 .text          0x0000000008000550      0x424 /opt/st/stm32cubeide_1.14.0/plugins/com.st.stm32cube.ide.mcu.externaltools.gnu-tools-for-stm32.11.3.rel1.linux64_1.1.100.202309141235/tools/bin/../lib/gcc/arm-none-eabi/11.3.1/thumb/v7e-m+fp/hard/libgcc.a(_arm_muldivdf3.o)
                0x0000000008000550                __aeabi_dmul
                0x0000000008000550                __muldf3
                0x00000000080007a4                __aeabi_ddiv
                0x00000000080007a4                __divdf3
 .text          0x0000000008000974       0xa0 /opt/st/stm32cubeide_1.14.0/plugins/com.st.stm32cube.ide.mcu.externaltools.gnu-tools-for-stm32.11.3.rel1.linux64_1.1.100.202309141235/tools/bin/../lib/gcc/arm-none-eabi/11.3.1/thumb/v7e-m+fp/hard/libgcc.a(_arm_truncdfsf2.o)
                0x0000000008000974                __aeabi_d2f
                0x0000000008000974                __truncdfsf2
 .text          0x0000000008000a14       0x30 /opt/st/stm32cubeide_1.14.0/plugins/com.st.stm32cube.ide.mcu.externaltools.gnu-tools-for-stm32.11.3.rel1.linux64_1.1.100.202309141235/tools/bin/../lib/gcc/arm-none-eabi/11.3.1/thumb/v7e-m+fp/hard/libgcc.a(_aeabi_uldivmod.o)
                0x0000000008000a14                __aeabi_uldivmod
 .text          0x0000000008000a44      0x2c8 /opt/st/stm32cubeide_1.14.0/plugins/com.st.stm32cube.ide.mcu.externaltools.gnu-tools-for-stm32.11.3.rel1.linux64_1.1.100.202309141235/tools/bin/../lib/gcc/arm-none-eabi/11.3.1/thumb/v7e-m+fp/hard/libgcc.a(_udivmoddi4.o)
                0x0000000008000a44                __udivmoddi4
 .text          0x0000000008000d0c        0x4 /opt/st/stm32cubeide_1.14.0/plugins/com.st.stm32cube.ide.mcu.externaltools.gnu-tools-for-stm32.11.3.rel1.linux64_1.1.100.202309141235/tools/bin/../lib/gcc/arm-none-eabi/11.3.1/thumb/v7e-m+fp/hard/libgcc.a(_dvmd_tls.o)
                0x0000000008000d0c                __aeabi_ldiv0
                0x0000000008000d0c                __aeabi_idiv0
 *(.text*)
 .text.BNO08X_GetData
                0x0000000008000d10       0xe4 ./Core/Src/BNO08X.o
                0x0000000008000d10                BNO08X_GetData
 .text.BNO08X_Init
                0x0000000008000df4       0x34 ./Core/Src/BNO08X.o
                0x0000000008000df4                BNO08X_Init
 .text.hx711_init
                0x0000000008000e28       0x78 ./Core/Src/HX711.o
                0x0000000008000e28                hx711_init
 .text.set_scale
                0x0000000008000ea0       0x28 ./Core/Src/HX711.o
                0x0000000008000ea0                set_scale
 .text.Max6675_Read_Temp
                0x0000000008000ec8       0xa4 ./Core/Src/MAX6675.o
                0x0000000008000ec8                Max6675_Read_Temp
 .text.VoltCurrent_Init
                0x0000000008000f6c       0x24 ./Core/Src/Voltage_Current.o
                0x0000000008000f6c                VoltCurrent_Init
 .text.ADC_Select_Voltage
                0x0000000008000f90       0x40 ./Core/Src/Voltage_Current.o
                0x0000000008000f90                ADC_Select_Voltage
 .text.ADC_Select_Current
                0x0000000008000fd0       0x3c ./Core/Src/Voltage_Current.o
                0x0000000008000fd0                ADC_Select_Current
 .text.Get_Voltage_Measurement
                0x000000000800100c       0x64 ./Core/Src/Voltage_Current.o
                0x000000000800100c                Get_Voltage_Measurement
 .text.Get_Current_Measurement
                0x0000000008001070      0x114 ./Core/Src/Voltage_Current.o
                0x0000000008001070                Get_Current_Measurement
 .text.komunikasi_ctrl_init
                0x0000000008001184       0x20 ./Core/Src/communication_full.o
                0x0000000008001184                komunikasi_ctrl_init
 .text.checksum_ctrl_generator
                0x00000000080011a4       0x40 ./Core/Src/communication_full.o
                0x00000000080011a4                checksum_ctrl_generator
 .text.tx_ctrl_send_BNO08X
                0x00000000080011e4       0xe0 ./Core/Src/communication_full.o
                0x00000000080011e4                tx_ctrl_send_BNO08X
 .text.tx_ctrl_send_Astar
                0x00000000080012c4       0x74 ./Core/Src/communication_full.o
                0x00000000080012c4                tx_ctrl_send_Astar
 .text.tx_ctrl_send_Command
                0x0000000008001338       0x2c ./Core/Src/communication_full.o
                0x0000000008001338                tx_ctrl_send_Command
 .text.rx_ctrl_start_get
                0x0000000008001364       0x20 ./Core/Src/communication_full.o
                0x0000000008001364                rx_ctrl_start_get
 .text.rx_ctrl_get
                0x0000000008001384      0x858 ./Core/Src/communication_full.o
                0x0000000008001384                rx_ctrl_get
 .text.komunikasi_pc_init
                0x0000000008001bdc       0x20 ./Core/Src/communication_full.o
                0x0000000008001bdc                komunikasi_pc_init
 .text.checksum_pc_generator
                0x0000000008001bfc       0x40 ./Core/Src/communication_full.o
                0x0000000008001bfc                checksum_pc_generator
 .text.tx_pc_send_BNO08X
                0x0000000008001c3c       0xe0 ./Core/Src/communication_full.o
                0x0000000008001c3c                tx_pc_send_BNO08X
 .text.tx_pc_send_Sensor
                0x0000000008001d1c       0xdc ./Core/Src/communication_full.o
                0x0000000008001d1c                tx_pc_send_Sensor
 .text.tx_pc_send_Odometry
                0x0000000008001df8       0xe0 ./Core/Src/communication_full.o
                0x0000000008001df8                tx_pc_send_Odometry
 .text.rx_pc_start_get
                0x0000000008001ed8       0x20 ./Core/Src/communication_full.o
                0x0000000008001ed8                rx_pc_start_get
 .text.rx_pc_get
                0x0000000008001ef8      0x9ac ./Core/Src/communication_full.o
                0x0000000008001ef8                rx_pc_get
 .text.HAL_UART_RxCpltCallback
                0x00000000080028a4       0xa8 ./Core/Src/main.o
                0x00000000080028a4                HAL_UART_RxCpltCallback
 .text.main     0x000000000800294c      0x1b8 ./Core/Src/main.o
                0x000000000800294c                main
 .text.SystemClock_Config
                0x0000000008002b04       0xd4 ./Core/Src/main.o
                0x0000000008002b04                SystemClock_Config
 .text.MX_ADC1_Init
                0x0000000008002bd8       0x74 ./Core/Src/main.o
 .text.MX_SPI1_Init
                0x0000000008002c4c       0x70 ./Core/Src/main.o
 .text.MX_TIM1_Init
                0x0000000008002cbc       0xa0 ./Core/Src/main.o
 .text.MX_USART1_UART_Init
                0x0000000008002d5c       0x54 ./Core/Src/main.o
 .text.MX_USART2_UART_Init
                0x0000000008002db0       0x54 ./Core/Src/main.o
 .text.MX_USART6_UART_Init
                0x0000000008002e04       0x54 ./Core/Src/main.o
 .text.MX_DMA_Init
                0x0000000008002e58       0x7c ./Core/Src/main.o
 .text.MX_GPIO_Init
                0x0000000008002ed4      0x150 ./Core/Src/main.o
 .text.Error_Handler
                0x0000000008003024        0xa ./Core/Src/main.o
                0x0000000008003024                Error_Handler
 *fill*         0x000000000800302e        0x2 
 .text.HAL_MspInit
                0x0000000008003030       0x50 ./Core/Src/stm32f4xx_hal_msp.o
                0x0000000008003030                HAL_MspInit
 .text.HAL_ADC_MspInit
                0x0000000008003080       0x88 ./Core/Src/stm32f4xx_hal_msp.o
                0x0000000008003080                HAL_ADC_MspInit
 .text.HAL_SPI_MspInit
                0x0000000008003108       0x90 ./Core/Src/stm32f4xx_hal_msp.o
                0x0000000008003108                HAL_SPI_MspInit
 .text.HAL_TIM_Base_MspInit
                0x0000000008003198       0x44 ./Core/Src/stm32f4xx_hal_msp.o
                0x0000000008003198                HAL_TIM_Base_MspInit
 .text.HAL_UART_MspInit
                0x00000000080031dc      0x294 ./Core/Src/stm32f4xx_hal_msp.o
                0x00000000080031dc                HAL_UART_MspInit
 .text.NMI_Handler
                0x0000000008003470        0x6 ./Core/Src/stm32f4xx_it.o
                0x0000000008003470                NMI_Handler
 .text.HardFault_Handler
                0x0000000008003476        0x6 ./Core/Src/stm32f4xx_it.o
                0x0000000008003476                HardFault_Handler
 .text.MemManage_Handler
                0x000000000800347c        0x6 ./Core/Src/stm32f4xx_it.o
                0x000000000800347c                MemManage_Handler
 .text.BusFault_Handler
                0x0000000008003482        0x6 ./Core/Src/stm32f4xx_it.o
                0x0000000008003482                BusFault_Handler
 .text.UsageFault_Handler
                0x0000000008003488        0x6 ./Core/Src/stm32f4xx_it.o
                0x0000000008003488                UsageFault_Handler
 .text.SVC_Handler
                0x000000000800348e        0xe ./Core/Src/stm32f4xx_it.o
                0x000000000800348e                SVC_Handler
 .text.DebugMon_Handler
                0x000000000800349c        0xe ./Core/Src/stm32f4xx_it.o
                0x000000000800349c                DebugMon_Handler
 .text.PendSV_Handler
                0x00000000080034aa        0xe ./Core/Src/stm32f4xx_it.o
                0x00000000080034aa                PendSV_Handler
 .text.SysTick_Handler
                0x00000000080034b8        0xc ./Core/Src/stm32f4xx_it.o
                0x00000000080034b8                SysTick_Handler
 .text.DMA1_Stream5_IRQHandler
                0x00000000080034c4       0x14 ./Core/Src/stm32f4xx_it.o
                0x00000000080034c4                DMA1_Stream5_IRQHandler
 .text.DMA2_Stream1_IRQHandler
                0x00000000080034d8       0x14 ./Core/Src/stm32f4xx_it.o
                0x00000000080034d8                DMA2_Stream1_IRQHandler
 .text.DMA2_Stream2_IRQHandler
                0x00000000080034ec       0x14 ./Core/Src/stm32f4xx_it.o
                0x00000000080034ec                DMA2_Stream2_IRQHandler
 .text.SystemInit
                0x0000000008003500       0x24 ./Core/Src/system_stm32f4xx.o
                0x0000000008003500                SystemInit
 .text.Reset_Handler
                0x0000000008003524       0x50 ./Core/Startup/startup_stm32f401ccux.o
                0x0000000008003524                Reset_Handler
 .text.Default_Handler
                0x0000000008003574        0x2 ./Core/Startup/startup_stm32f401ccux.o
                0x0000000008003574                RTC_Alarm_IRQHandler
                0x0000000008003574                EXTI2_IRQHandler
                0x0000000008003574                SPI4_IRQHandler
                0x0000000008003574                TIM1_CC_IRQHandler
                0x0000000008003574                DMA2_Stream5_IRQHandler
                0x0000000008003574                PVD_IRQHandler
                0x0000000008003574                SDIO_IRQHandler
                0x0000000008003574                TAMP_STAMP_IRQHandler
                0x0000000008003574                EXTI3_IRQHandler
                0x0000000008003574                TIM1_UP_TIM10_IRQHandler
                0x0000000008003574                I2C3_ER_IRQHandler
                0x0000000008003574                EXTI0_IRQHandler
                0x0000000008003574                I2C2_EV_IRQHandler
                0x0000000008003574                DMA1_Stream2_IRQHandler
                0x0000000008003574                FPU_IRQHandler
                0x0000000008003574                SPI1_IRQHandler
                0x0000000008003574                TIM1_BRK_TIM9_IRQHandler
                0x0000000008003574                DMA2_Stream3_IRQHandler
                0x0000000008003574                USART6_IRQHandler
                0x0000000008003574                DMA2_Stream0_IRQHandler
                0x0000000008003574                TIM4_IRQHandler
                0x0000000008003574                I2C1_EV_IRQHandler
                0x0000000008003574                DMA1_Stream6_IRQHandler
                0x0000000008003574                DMA1_Stream1_IRQHandler
                0x0000000008003574                TIM3_IRQHandler
                0x0000000008003574                RCC_IRQHandler
                0x0000000008003574                Default_Handler
                0x0000000008003574                EXTI15_10_IRQHandler
                0x0000000008003574                ADC_IRQHandler
                0x0000000008003574                DMA1_Stream7_IRQHandler
                0x0000000008003574                TIM5_IRQHandler
                0x0000000008003574                DMA2_Stream7_IRQHandler
                0x0000000008003574                I2C3_EV_IRQHandler
                0x0000000008003574                EXTI9_5_IRQHandler
                0x0000000008003574                RTC_WKUP_IRQHandler
                0x0000000008003574                SPI2_IRQHandler
                0x0000000008003574                DMA1_Stream0_IRQHandler
                0x0000000008003574                EXTI4_IRQHandler
                0x0000000008003574                WWDG_IRQHandler
                0x0000000008003574                TIM2_IRQHandler
                0x0000000008003574                OTG_FS_WKUP_IRQHandler
                0x0000000008003574                TIM1_TRG_COM_TIM11_IRQHandler
                0x0000000008003574                EXTI1_IRQHandler
                0x0000000008003574                USART2_IRQHandler
                0x0000000008003574                I2C2_ER_IRQHandler
                0x0000000008003574                FLASH_IRQHandler
                0x0000000008003574                DMA2_Stream4_IRQHandler
                0x0000000008003574                USART1_IRQHandler
                0x0000000008003574                OTG_FS_IRQHandler
                0x0000000008003574                SPI3_IRQHandler
                0x0000000008003574                DMA1_Stream4_IRQHandler
                0x0000000008003574                I2C1_ER_IRQHandler
                0x0000000008003574                DMA2_Stream6_IRQHandler
                0x0000000008003574                DMA1_Stream3_IRQHandler
 *fill*         0x0000000008003576        0x2 
 .text.HAL_Init
                0x0000000008003578       0x44 ./Drivers/STM32F4xx_HAL_Driver/Src/stm32f4xx_hal.o
                0x0000000008003578                HAL_Init
 .text.HAL_InitTick
                0x00000000080035bc       0x60 ./Drivers/STM32F4xx_HAL_Driver/Src/stm32f4xx_hal.o
                0x00000000080035bc                HAL_InitTick
 .text.HAL_IncTick
                0x000000000800361c       0x28 ./Drivers/STM32F4xx_HAL_Driver/Src/stm32f4xx_hal.o
                0x000000000800361c                HAL_IncTick
 .text.HAL_GetTick
                0x0000000008003644       0x18 ./Drivers/STM32F4xx_HAL_Driver/Src/stm32f4xx_hal.o
                0x0000000008003644                HAL_GetTick
 .text.HAL_Delay
                0x000000000800365c       0x48 ./Drivers/STM32F4xx_HAL_Driver/Src/stm32f4xx_hal.o
                0x000000000800365c                HAL_Delay
 .text.HAL_ADC_Init
                0x00000000080036a4       0x86 ./Drivers/STM32F4xx_HAL_Driver/Src/stm32f4xx_hal_adc.o
                0x00000000080036a4                HAL_ADC_Init
 *fill*         0x000000000800372a        0x2 
 .text.HAL_ADC_Start
                0x000000000800372c      0x168 ./Drivers/STM32F4xx_HAL_Driver/Src/stm32f4xx_hal_adc.o
                0x000000000800372c                HAL_ADC_Start
 .text.HAL_ADC_Stop
                0x0000000008003894       0x66 ./Drivers/STM32F4xx_HAL_Driver/Src/stm32f4xx_hal_adc.o
                0x0000000008003894                HAL_ADC_Stop
 .text.HAL_ADC_PollForConversion
                0x00000000080038fa      0x116 ./Drivers/STM32F4xx_HAL_Driver/Src/stm32f4xx_hal_adc.o
                0x00000000080038fa                HAL_ADC_PollForConversion
 .text.HAL_ADC_GetValue
                0x0000000008003a10       0x1a ./Drivers/STM32F4xx_HAL_Driver/Src/stm32f4xx_hal_adc.o
                0x0000000008003a10                HAL_ADC_GetValue
 *fill*         0x0000000008003a2a        0x2 
 .text.HAL_ADC_ConfigChannel
                0x0000000008003a2c      0x244 ./Drivers/STM32F4xx_HAL_Driver/Src/stm32f4xx_hal_adc.o
                0x0000000008003a2c                HAL_ADC_ConfigChannel
 .text.ADC_Init
                0x0000000008003c70      0x1f8 ./Drivers/STM32F4xx_HAL_Driver/Src/stm32f4xx_hal_adc.o
 .text.__NVIC_SetPriorityGrouping
                0x0000000008003e68       0x48 ./Drivers/STM32F4xx_HAL_Driver/Src/stm32f4xx_hal_cortex.o
 .text.__NVIC_GetPriorityGrouping
                0x0000000008003eb0       0x1c ./Drivers/STM32F4xx_HAL_Driver/Src/stm32f4xx_hal_cortex.o
 .text.__NVIC_EnableIRQ
                0x0000000008003ecc       0x3c ./Drivers/STM32F4xx_HAL_Driver/Src/stm32f4xx_hal_cortex.o
 .text.__NVIC_SetPriority
                0x0000000008003f08       0x54 ./Drivers/STM32F4xx_HAL_Driver/Src/stm32f4xx_hal_cortex.o
 .text.NVIC_EncodePriority
                0x0000000008003f5c       0x66 ./Drivers/STM32F4xx_HAL_Driver/Src/stm32f4xx_hal_cortex.o
 *fill*         0x0000000008003fc2        0x2 
 .text.SysTick_Config
                0x0000000008003fc4       0x44 ./Drivers/STM32F4xx_HAL_Driver/Src/stm32f4xx_hal_cortex.o
 .text.HAL_NVIC_SetPriorityGrouping
                0x0000000008004008       0x16 ./Drivers/STM32F4xx_HAL_Driver/Src/stm32f4xx_hal_cortex.o
                0x0000000008004008                HAL_NVIC_SetPriorityGrouping
 .text.HAL_NVIC_SetPriority
                0x000000000800401e       0x38 ./Drivers/STM32F4xx_HAL_Driver/Src/stm32f4xx_hal_cortex.o
                0x000000000800401e                HAL_NVIC_SetPriority
 .text.HAL_NVIC_EnableIRQ
                0x0000000008004056       0x1c ./Drivers/STM32F4xx_HAL_Driver/Src/stm32f4xx_hal_cortex.o
                0x0000000008004056                HAL_NVIC_EnableIRQ
 .text.HAL_SYSTICK_Config
                0x0000000008004072       0x18 ./Drivers/STM32F4xx_HAL_Driver/Src/stm32f4xx_hal_cortex.o
                0x0000000008004072                HAL_SYSTICK_Config
 *fill*         0x000000000800408a        0x2 
 .text.HAL_DMA_Init
                0x000000000800408c      0x15c ./Drivers/STM32F4xx_HAL_Driver/Src/stm32f4xx_hal_dma.o
                0x000000000800408c                HAL_DMA_Init
 .text.HAL_DMA_Start_IT
                0x00000000080041e8       0xb0 ./Drivers/STM32F4xx_HAL_Driver/Src/stm32f4xx_hal_dma.o
                0x00000000080041e8                HAL_DMA_Start_IT
 .text.HAL_DMA_IRQHandler
                0x0000000008004298      0x314 ./Drivers/STM32F4xx_HAL_Driver/Src/stm32f4xx_hal_dma.o
                0x0000000008004298                HAL_DMA_IRQHandler
 .text.DMA_SetConfig
                0x00000000080045ac       0x5c ./Drivers/STM32F4xx_HAL_Driver/Src/stm32f4xx_hal_dma.o
 .text.DMA_CalcBaseAndBitshift
                0x0000000008004608       0x6c ./Drivers/STM32F4xx_HAL_Driver/Src/stm32f4xx_hal_dma.o
 .text.DMA_CheckFifoParam
                0x0000000008004674       0xf8 ./Drivers/STM32F4xx_HAL_Driver/Src/stm32f4xx_hal_dma.o
 .text.HAL_GPIO_Init
                0x000000000800476c      0x308 ./Drivers/STM32F4xx_HAL_Driver/Src/stm32f4xx_hal_gpio.o
                0x000000000800476c                HAL_GPIO_Init
 .text.HAL_GPIO_WritePin
                0x0000000008004a74       0x32 ./Drivers/STM32F4xx_HAL_Driver/Src/stm32f4xx_hal_gpio.o
                0x0000000008004a74                HAL_GPIO_WritePin
 *fill*         0x0000000008004aa6        0x2 
 .text.HAL_RCC_OscConfig
                0x0000000008004aa8      0x4f0 ./Drivers/STM32F4xx_HAL_Driver/Src/stm32f4xx_hal_rcc.o
                0x0000000008004aa8                HAL_RCC_OscConfig
 .text.HAL_RCC_ClockConfig
                0x0000000008004f98      0x1cc ./Drivers/STM32F4xx_HAL_Driver/Src/stm32f4xx_hal_rcc.o
                0x0000000008004f98                HAL_RCC_ClockConfig
 .text.HAL_RCC_GetSysClockFreq
                0x0000000008005164      0x18c ./Drivers/STM32F4xx_HAL_Driver/Src/stm32f4xx_hal_rcc.o
                0x0000000008005164                HAL_RCC_GetSysClockFreq
 .text.HAL_RCC_GetHCLKFreq
                0x00000000080052f0       0x18 ./Drivers/STM32F4xx_HAL_Driver/Src/stm32f4xx_hal_rcc.o
                0x00000000080052f0                HAL_RCC_GetHCLKFreq
 .text.HAL_RCC_GetPCLK1Freq
                0x0000000008005308       0x28 ./Drivers/STM32F4xx_HAL_Driver/Src/stm32f4xx_hal_rcc.o
                0x0000000008005308                HAL_RCC_GetPCLK1Freq
 .text.HAL_RCC_GetPCLK2Freq
                0x0000000008005330       0x28 ./Drivers/STM32F4xx_HAL_Driver/Src/stm32f4xx_hal_rcc.o
                0x0000000008005330                HAL_RCC_GetPCLK2Freq
 .text.HAL_SPI_Init
                0x0000000008005358      0x112 ./Drivers/STM32F4xx_HAL_Driver/Src/stm32f4xx_hal_spi.o
                0x0000000008005358                HAL_SPI_Init
 .text.HAL_SPI_Receive
                0x000000000800546a      0x230 ./Drivers/STM32F4xx_HAL_Driver/Src/stm32f4xx_hal_spi.o
                0x000000000800546a                HAL_SPI_Receive
 .text.HAL_SPI_TransmitReceive
                0x000000000800569a      0x360 ./Drivers/STM32F4xx_HAL_Driver/Src/stm32f4xx_hal_spi.o
                0x000000000800569a                HAL_SPI_TransmitReceive
 *fill*         0x00000000080059fa        0x2 
 .text.SPI_WaitFlagStateUntilTimeout
                0x00000000080059fc      0x110 ./Drivers/STM32F4xx_HAL_Driver/Src/stm32f4xx_hal_spi.o
 .text.SPI_EndRxTransaction
                0x0000000008005b0c       0xca ./Drivers/STM32F4xx_HAL_Driver/Src/stm32f4xx_hal_spi.o
 *fill*         0x0000000008005bd6        0x2 
 .text.SPI_EndRxTxTransaction
                0x0000000008005bd8       0xa8 ./Drivers/STM32F4xx_HAL_Driver/Src/stm32f4xx_hal_spi.o
 .text.HAL_TIM_Base_Init
                0x0000000008005c80       0x9e ./Drivers/STM32F4xx_HAL_Driver/Src/stm32f4xx_hal_tim.o
                0x0000000008005c80                HAL_TIM_Base_Init
 .text.HAL_TIM_ConfigClockSource
                0x0000000008005d1e      0x18e ./Drivers/STM32F4xx_HAL_Driver/Src/stm32f4xx_hal_tim.o
                0x0000000008005d1e                HAL_TIM_ConfigClockSource
 .text.TIM_Base_SetConfig
                0x0000000008005eac      0x118 ./Drivers/STM32F4xx_HAL_Driver/Src/stm32f4xx_hal_tim.o
                0x0000000008005eac                TIM_Base_SetConfig
 .text.TIM_TI1_ConfigInputStage
                0x0000000008005fc4       0x5e ./Drivers/STM32F4xx_HAL_Driver/Src/stm32f4xx_hal_tim.o
 .text.TIM_TI2_ConfigInputStage
                0x0000000008006022       0x60 ./Drivers/STM32F4xx_HAL_Driver/Src/stm32f4xx_hal_tim.o
 .text.TIM_ITRx_SetConfig
                0x0000000008006082       0x36 ./Drivers/STM32F4xx_HAL_Driver/Src/stm32f4xx_hal_tim.o
 .text.TIM_ETR_SetConfig
                0x00000000080060b8       0x40 ./Drivers/STM32F4xx_HAL_Driver/Src/stm32f4xx_hal_tim.o
                0x00000000080060b8                TIM_ETR_SetConfig
 .text.HAL_TIMEx_MasterConfigSynchronization
                0x00000000080060f8       0xdc ./Drivers/STM32F4xx_HAL_Driver/Src/stm32f4xx_hal_tim_ex.o
                0x00000000080060f8                HAL_TIMEx_MasterConfigSynchronization
 .text.HAL_UART_Init
                0x00000000080061d4       0xa0 ./Drivers/STM32F4xx_HAL_Driver/Src/stm32f4xx_hal_uart.o
                0x00000000080061d4                HAL_UART_Init
 .text.HAL_UART_Transmit
                0x0000000008006274      0x116 ./Drivers/STM32F4xx_HAL_Driver/Src/stm32f4xx_hal_uart.o
                0x0000000008006274                HAL_UART_Transmit
 .text.HAL_UART_Receive_DMA
                0x000000000800638a       0x4a ./Drivers/STM32F4xx_HAL_Driver/Src/stm32f4xx_hal_uart.o
                0x000000000800638a                HAL_UART_Receive_DMA
 .text.HAL_UART_RxHalfCpltCallback
                0x00000000080063d4       0x14 ./Drivers/STM32F4xx_HAL_Driver/Src/stm32f4xx_hal_uart.o
                0x00000000080063d4                HAL_UART_RxHalfCpltCallback
 .text.HAL_UART_ErrorCallback
                0x00000000080063e8       0x14 ./Drivers/STM32F4xx_HAL_Driver/Src/stm32f4xx_hal_uart.o
                0x00000000080063e8                HAL_UART_ErrorCallback
 .text.HAL_UARTEx_RxEventCallback
                0x00000000080063fc       0x18 ./Drivers/STM32F4xx_HAL_Driver/Src/stm32f4xx_hal_uart.o
                0x00000000080063fc                HAL_UARTEx_RxEventCallback
 .text.UART_DMAReceiveCplt
                0x0000000008006414      0x12c ./Drivers/STM32F4xx_HAL_Driver/Src/stm32f4xx_hal_uart.o
 .text.UART_DMARxHalfCplt
                0x0000000008006540       0x3c ./Drivers/STM32F4xx_HAL_Driver/Src/stm32f4xx_hal_uart.o
 .text.UART_DMAError
                0x000000000800657c       0x94 ./Drivers/STM32F4xx_HAL_Driver/Src/stm32f4xx_hal_uart.o
 .text.UART_WaitOnFlagUntilTimeout
                0x0000000008006610       0xb2 ./Drivers/STM32F4xx_HAL_Driver/Src/stm32f4xx_hal_uart.o
 *fill*         0x00000000080066c2        0x2 
 .text.UART_Start_Receive_DMA
                0x00000000080066c4      0x134 ./Drivers/STM32F4xx_HAL_Driver/Src/stm32f4xx_hal_uart.o
                0x00000000080066c4                UART_Start_Receive_DMA
 .text.UART_EndTxTransfer
                0x00000000080067f8       0x50 ./Drivers/STM32F4xx_HAL_Driver/Src/stm32f4xx_hal_uart.o
 .text.UART_EndRxTransfer
                0x0000000008006848       0xc6 ./Drivers/STM32F4xx_HAL_Driver/Src/stm32f4xx_hal_uart.o
 *fill*         0x000000000800690e        0x2 
 .text.UART_SetConfig
                0x0000000008006910      0x4e8 ./Drivers/STM32F4xx_HAL_Driver/Src/stm32f4xx_hal_uart.o
 .text.memset   0x0000000008006df8       0x10 /opt/st/stm32cubeide_1.14.0/plugins/com.st.stm32cube.ide.mcu.externaltools.gnu-tools-for-stm32.11.3.rel1.linux64_1.1.100.202309141235/tools/bin/../lib/gcc/arm-none-eabi/11.3.1/../../../../arm-none-eabi/lib/thumb/v7e-m+fp/hard/libc_nano.a(libc_a-memset.o)
                0x0000000008006df8                memset
 .text.__libc_init_array
                0x0000000008006e08       0x48 /opt/st/stm32cubeide_1.14.0/plugins/com.st.stm32cube.ide.mcu.externaltools.gnu-tools-for-stm32.11.3.rel1.linux64_1.1.100.202309141235/tools/bin/../lib/gcc/arm-none-eabi/11.3.1/../../../../arm-none-eabi/lib/thumb/v7e-m+fp/hard/libc_nano.a(libc_a-init.o)
                0x0000000008006e08                __libc_init_array
 .text.memcpy   0x0000000008006e50       0x1c /opt/st/stm32cubeide_1.14.0/plugins/com.st.stm32cube.ide.mcu.externaltools.gnu-tools-for-stm32.11.3.rel1.linux64_1.1.100.202309141235/tools/bin/../lib/gcc/arm-none-eabi/11.3.1/../../../../arm-none-eabi/lib/thumb/v7e-m+fp/hard/libc_nano.a(libc_a-memcpy-stub.o)
                0x0000000008006e50                memcpy
 *(.glue_7)
 .glue_7        0x0000000008006e6c        0x0 linker stubs
 *(.glue_7t)
 .glue_7t       0x0000000008006e6c        0x0 linker stubs
 *(.eh_frame)
 .eh_frame      0x0000000008006e6c        0x0 /opt/st/stm32cubeide_1.14.0/plugins/com.st.stm32cube.ide.mcu.externaltools.gnu-tools-for-stm32.11.3.rel1.linux64_1.1.100.202309141235/tools/bin/../lib/gcc/arm-none-eabi/11.3.1/thumb/v7e-m+fp/hard/crtbegin.o
 *(.init)
 .init          0x0000000008006e6c        0x4 /opt/st/stm32cubeide_1.14.0/plugins/com.st.stm32cube.ide.mcu.externaltools.gnu-tools-for-stm32.11.3.rel1.linux64_1.1.100.202309141235/tools/bin/../lib/gcc/arm-none-eabi/11.3.1/thumb/v7e-m+fp/hard/crti.o
                0x0000000008006e6c                _init
 .init          0x0000000008006e70        0x8 /opt/st/stm32cubeide_1.14.0/plugins/com.st.stm32cube.ide.mcu.externaltools.gnu-tools-for-stm32.11.3.rel1.linux64_1.1.100.202309141235/tools/bin/../lib/gcc/arm-none-eabi/11.3.1/thumb/v7e-m+fp/hard/crtn.o
 *(.fini)
 .fini          0x0000000008006e78        0x4 /opt/st/stm32cubeide_1.14.0/plugins/com.st.stm32cube.ide.mcu.externaltools.gnu-tools-for-stm32.11.3.rel1.linux64_1.1.100.202309141235/tools/bin/../lib/gcc/arm-none-eabi/11.3.1/thumb/v7e-m+fp/hard/crti.o
                0x0000000008006e78                _fini
 .fini          0x0000000008006e7c        0x8 /opt/st/stm32cubeide_1.14.0/plugins/com.st.stm32cube.ide.mcu.externaltools.gnu-tools-for-stm32.11.3.rel1.linux64_1.1.100.202309141235/tools/bin/../lib/gcc/arm-none-eabi/11.3.1/thumb/v7e-m+fp/hard/crtn.o
                0x0000000008006e84                . = ALIGN (0x4)
                0x0000000008006e84                _etext = .

.vfp11_veneer   0x0000000008006e84        0x0
 .vfp11_veneer  0x0000000008006e84        0x0 linker stubs

.v4_bx          0x0000000008006e84        0x0
 .v4_bx         0x0000000008006e84        0x0 linker stubs

.iplt           0x0000000008006e84        0x0
 .iplt          0x0000000008006e84        0x0 /opt/st/stm32cubeide_1.14.0/plugins/com.st.stm32cube.ide.mcu.externaltools.gnu-tools-for-stm32.11.3.rel1.linux64_1.1.100.202309141235/tools/bin/../lib/gcc/arm-none-eabi/11.3.1/thumb/v7e-m+fp/hard/crtbegin.o

.rodata         0x0000000008006e84       0x20
                0x0000000008006e84                . = ALIGN (0x4)
 *(.rodata)
 *(.rodata*)
 .rodata.AHBPrescTable
                0x0000000008006e84       0x10 ./Core/Src/system_stm32f4xx.o
                0x0000000008006e84                AHBPrescTable
 .rodata.APBPrescTable
                0x0000000008006e94        0x8 ./Core/Src/system_stm32f4xx.o
                0x0000000008006e94                APBPrescTable
 .rodata.flagBitshiftOffset.0
                0x0000000008006e9c        0x8 ./Drivers/STM32F4xx_HAL_Driver/Src/stm32f4xx_hal_dma.o
                0x0000000008006ea4                . = ALIGN (0x4)

.ARM.extab      0x0000000008006ea4        0x0
                0x0000000008006ea4                . = ALIGN (0x4)
 *(.ARM.extab* .gnu.linkonce.armextab.*)
                0x0000000008006ea4                . = ALIGN (0x4)

.ARM            0x0000000008006ea4        0x8
                0x0000000008006ea4                . = ALIGN (0x4)
                0x0000000008006ea4                __exidx_start = .
 *(.ARM.exidx*)
 .ARM.exidx     0x0000000008006ea4        0x8 /opt/st/stm32cubeide_1.14.0/plugins/com.st.stm32cube.ide.mcu.externaltools.gnu-tools-for-stm32.11.3.rel1.linux64_1.1.100.202309141235/tools/bin/../lib/gcc/arm-none-eabi/11.3.1/thumb/v7e-m+fp/hard/libgcc.a(_udivmoddi4.o)
                0x0000000008006eac                __exidx_end = .
                0x0000000008006eac                . = ALIGN (0x4)

.rel.dyn        0x0000000008006eac        0x0
 .rel.iplt      0x0000000008006eac        0x0 /opt/st/stm32cubeide_1.14.0/plugins/com.st.stm32cube.ide.mcu.externaltools.gnu-tools-for-stm32.11.3.rel1.linux64_1.1.100.202309141235/tools/bin/../lib/gcc/arm-none-eabi/11.3.1/thumb/v7e-m+fp/hard/crtbegin.o

.preinit_array  0x0000000008006eac        0x0
                0x0000000008006eac                . = ALIGN (0x4)
                0x0000000008006eac                PROVIDE (__preinit_array_start = .)
 *(.preinit_array*)
                0x0000000008006eac                PROVIDE (__preinit_array_end = .)
                0x0000000008006eac                . = ALIGN (0x4)

.init_array     0x0000000008006eac        0x4
                0x0000000008006eac                . = ALIGN (0x4)
                0x0000000008006eac                PROVIDE (__init_array_start = .)
 *(SORT_BY_NAME(.init_array.*))
 *(.init_array*)
 .init_array    0x0000000008006eac        0x4 /opt/st/stm32cubeide_1.14.0/plugins/com.st.stm32cube.ide.mcu.externaltools.gnu-tools-for-stm32.11.3.rel1.linux64_1.1.100.202309141235/tools/bin/../lib/gcc/arm-none-eabi/11.3.1/thumb/v7e-m+fp/hard/crtbegin.o
                0x0000000008006eb0                PROVIDE (__init_array_end = .)
                0x0000000008006eb0                . = ALIGN (0x4)

.fini_array     0x0000000008006eb0        0x4
                0x0000000008006eb0                . = ALIGN (0x4)
                [!provide]                        PROVIDE (__fini_array_start = .)
 *(SORT_BY_NAME(.fini_array.*))
 *(.fini_array*)
 .fini_array    0x0000000008006eb0        0x4 /opt/st/stm32cubeide_1.14.0/plugins/com.st.stm32cube.ide.mcu.externaltools.gnu-tools-for-stm32.11.3.rel1.linux64_1.1.100.202309141235/tools/bin/../lib/gcc/arm-none-eabi/11.3.1/thumb/v7e-m+fp/hard/crtbegin.o
                [!provide]                        PROVIDE (__fini_array_end = .)
                0x0000000008006eb4                . = ALIGN (0x4)
                0x0000000008006eb4                _sidata = LOADADDR (.data)

.data           0x0000000020000000       0x14 load address 0x0000000008006eb4
                0x0000000020000000                . = ALIGN (0x4)
                0x0000000020000000                _sdata = .
 *(.data)
 *(.data*)
 .data.sensitivity
                0x0000000020000000        0x4 ./Core/Src/Voltage_Current.o
 .data.const_voltage
                0x0000000020000004        0x4 ./Core/Src/Voltage_Current.o
 .data.SystemCoreClock
                0x0000000020000008        0x4 ./Core/Src/system_stm32f4xx.o
                0x0000000020000008                SystemCoreClock
 .data.uwTickPrio
                0x000000002000000c        0x4 ./Drivers/STM32F4xx_HAL_Driver/Src/stm32f4xx_hal.o
                0x000000002000000c                uwTickPrio
 .data.uwTickFreq
                0x0000000020000010        0x1 ./Drivers/STM32F4xx_HAL_Driver/Src/stm32f4xx_hal.o
                0x0000000020000010                uwTickFreq
 *(.RamFunc)
 *(.RamFunc*)
                0x0000000020000014                . = ALIGN (0x4)
 *fill*         0x0000000020000011        0x3 
                0x0000000020000014                _edata = .

.igot.plt       0x0000000020000014        0x0 load address 0x0000000008006ec8
 .igot.plt      0x0000000020000014        0x0 /opt/st/stm32cubeide_1.14.0/plugins/com.st.stm32cube.ide.mcu.externaltools.gnu-tools-for-stm32.11.3.rel1.linux64_1.1.100.202309141235/tools/bin/../lib/gcc/arm-none-eabi/11.3.1/thumb/v7e-m+fp/hard/crtbegin.o
                0x0000000020000014                . = ALIGN (0x4)

.bss            0x0000000020000014      0x87c load address 0x0000000008006ec8
                0x0000000020000014                _sbss = .
                0x0000000020000014                __bss_start__ = _sbss
 *(.bss)
 .bss           0x0000000020000014       0x1c /opt/st/stm32cubeide_1.14.0/plugins/com.st.stm32cube.ide.mcu.externaltools.gnu-tools-for-stm32.11.3.rel1.linux64_1.1.100.202309141235/tools/bin/../lib/gcc/arm-none-eabi/11.3.1/thumb/v7e-m+fp/hard/crtbegin.o
 *(.bss*)
 .bss.RX_Data   0x0000000020000030       0x13 ./Core/Src/BNO08X.o
 *fill*         0x0000000020000043        0x1 
 .bss.huart     0x0000000020000044       0x48 ./Core/Src/BNO08X.o
 .bss.hspi1     0x000000002000008c       0x58 ./Core/Src/MAX6675.o
                0x000000002000008c                hspi1
 .bss.TCF       0x00000000200000e4        0x1 ./Core/Src/MAX6675.o
                0x00000000200000e4                TCF
 *fill*         0x00000000200000e5        0x3 
 .bss.DATARX    0x00000000200000e8        0x2 ./Core/Src/MAX6675.o
                0x00000000200000e8                DATARX
 *fill*         0x00000000200000ea        0x2 
 .bss.value     0x00000000200000ec        0x8 ./Core/Src/Voltage_Current.o
 .bss.hadc      0x00000000200000f4       0x48 ./Core/Src/Voltage_Current.o
                0x00000000200000f4                hadc
 .bss.huart_pc  0x000000002000013c        0x4 ./Core/Src/communication_full.o
 .bss.rxbuf_get_pc
                0x0000000020000140       0x13 ./Core/Src/communication_full.o
 *fill*         0x0000000020000153        0x1 
 .bss.huart_ctrl
                0x0000000020000154        0x4 ./Core/Src/communication_full.o
 .bss.rxbuf_get_ctrl
                0x0000000020000158       0x13 ./Core/Src/communication_full.o
 *fill*         0x000000002000016b        0x1 
 .bss.rx_buf_command
                0x000000002000016c       0x13 ./Core/Src/communication_full.o
 *fill*         0x000000002000017f        0x1 
 .bss.rx_buf_holder
                0x0000000020000180       0x64 ./Core/Src/communication_full.o
 .bss.id_holder
                0x00000000200001e4        0x1 ./Core/Src/communication_full.o
 *fill*         0x00000000200001e5        0x3 
 .bss.BNO08x_Data
                0x00000000200001e8       0x12 ./Core/Src/main.o
                0x00000000200001e8                BNO08x_Data
 *fill*         0x00000000200001fa        0x2 
 .bss.Volt_Current_Data
                0x00000000200001fc        0xc ./Core/Src/main.o
                0x00000000200001fc                Volt_Current_Data
 .bss.Loadcell_Data
                0x0000000020000208       0x24 ./Core/Src/main.o
                0x0000000020000208                Loadcell_Data
 .bss.Sensor_Data
                0x000000002000022c        0xa ./Core/Src/main.o
                0x000000002000022c                Sensor_Data
 *fill*         0x0000000020000236        0x2 
 .bss.message_from_pc
                0x0000000020000238      0x1dc ./Core/Src/main.o
                0x0000000020000238                message_from_pc
 .bss.message_from_ctrl
                0x0000000020000414      0x1dc ./Core/Src/main.o
                0x0000000020000414                message_from_ctrl
 .bss.hadc1     0x00000000200005f0       0x48 ./Core/Src/main.o
                0x00000000200005f0                hadc1
 .bss.htim1     0x0000000020000638       0x48 ./Core/Src/main.o
                0x0000000020000638                htim1
 .bss.huart1    0x0000000020000680       0x48 ./Core/Src/main.o
                0x0000000020000680                huart1
 .bss.huart2    0x00000000200006c8       0x48 ./Core/Src/main.o
                0x00000000200006c8                huart2
 .bss.huart6    0x0000000020000710       0x48 ./Core/Src/main.o
                0x0000000020000710                huart6
 .bss.hdma_usart1_rx
                0x0000000020000758       0x60 ./Core/Src/main.o
                0x0000000020000758                hdma_usart1_rx
 .bss.hdma_usart2_rx
                0x00000000200007b8       0x60 ./Core/Src/main.o
                0x00000000200007b8                hdma_usart2_rx
 .bss.hdma_usart6_rx
                0x0000000020000818       0x60 ./Core/Src/main.o
                0x0000000020000818                hdma_usart6_rx
 .bss.CurrentTick
                0x0000000020000878        0x4 ./Core/Src/main.o
                0x0000000020000878                CurrentTick
 .bss.SensorTick
                0x000000002000087c        0x4 ./Core/Src/main.o
                0x000000002000087c                SensorTick
 .bss.diff_data_yaw
                0x0000000020000880        0xa ./Core/Src/main.o
                0x0000000020000880                diff_data_yaw
 .bss.sample_yaw
                0x000000002000088a        0x1 ./Core/Src/main.o
                0x000000002000088a                sample_yaw
 .bss.is_calibrated
                0x000000002000088b        0x1 ./Core/Src/main.o
                0x000000002000088b                is_calibrated
 .bss.uwTick    0x000000002000088c        0x4 ./Drivers/STM32F4xx_HAL_Driver/Src/stm32f4xx_hal.o
                0x000000002000088c                uwTick
 *(COMMON)
                0x0000000020000890                . = ALIGN (0x4)
                0x0000000020000890                _ebss = .
                0x0000000020000890                __bss_end__ = _ebss

._user_heap_stack
                0x0000000020000890      0x600 load address 0x0000000008006ec8
                0x0000000020000890                . = ALIGN (0x8)
                [!provide]                        PROVIDE (end = .)
                0x0000000020000890                PROVIDE (_end = .)
                0x0000000020000a90                . = (. + _Min_Heap_Size)
 *fill*         0x0000000020000890      0x200 
                0x0000000020000e90                . = (. + _Min_Stack_Size)
 *fill*         0x0000000020000a90      0x400 
                0x0000000020000e90                . = ALIGN (0x8)

/DISCARD/
 libc.a(*)
 libm.a(*)
 libgcc.a(*)

.ARM.attributes
                0x0000000000000000       0x30
 *(.ARM.attributes)
 .ARM.attributes
                0x0000000000000000       0x1e /opt/st/stm32cubeide_1.14.0/plugins/com.st.stm32cube.ide.mcu.externaltools.gnu-tools-for-stm32.11.3.rel1.linux64_1.1.100.202309141235/tools/bin/../lib/gcc/arm-none-eabi/11.3.1/thumb/v7e-m+fp/hard/crti.o
 .ARM.attributes
                0x000000000000001e       0x34 /opt/st/stm32cubeide_1.14.0/plugins/com.st.stm32cube.ide.mcu.externaltools.gnu-tools-for-stm32.11.3.rel1.linux64_1.1.100.202309141235/tools/bin/../lib/gcc/arm-none-eabi/11.3.1/thumb/v7e-m+fp/hard/crtbegin.o
 .ARM.attributes
                0x0000000000000052       0x34 ./Core/Src/BNO08X.o
 .ARM.attributes
                0x0000000000000086       0x34 ./Core/Src/HX711.o
 .ARM.attributes
                0x00000000000000ba       0x34 ./Core/Src/MAX6675.o
 .ARM.attributes
                0x00000000000000ee       0x34 ./Core/Src/Voltage_Current.o
 .ARM.attributes
                0x0000000000000122       0x34 ./Core/Src/communication_full.o
 .ARM.attributes
                0x0000000000000156       0x34 ./Core/Src/main.o
 .ARM.attributes
                0x000000000000018a       0x34 ./Core/Src/stm32f4xx_hal_msp.o
 .ARM.attributes
                0x00000000000001be       0x34 ./Core/Src/stm32f4xx_it.o
 .ARM.attributes
                0x00000000000001f2       0x34 ./Core/Src/system_stm32f4xx.o
 .ARM.attributes
                0x0000000000000226       0x21 ./Core/Startup/startup_stm32f401ccux.o
 .ARM.attributes
                0x0000000000000247       0x34 ./Drivers/STM32F4xx_HAL_Driver/Src/stm32f4xx_hal.o
 .ARM.attributes
                0x000000000000027b       0x34 ./Drivers/STM32F4xx_HAL_Driver/Src/stm32f4xx_hal_adc.o
 .ARM.attributes
                0x00000000000002af       0x34 ./Drivers/STM32F4xx_HAL_Driver/Src/stm32f4xx_hal_cortex.o
 .ARM.attributes
                0x00000000000002e3       0x34 ./Drivers/STM32F4xx_HAL_Driver/Src/stm32f4xx_hal_dma.o
 .ARM.attributes
                0x0000000000000317       0x34 ./Drivers/STM32F4xx_HAL_Driver/Src/stm32f4xx_hal_gpio.o
 .ARM.attributes
                0x000000000000034b       0x34 ./Drivers/STM32F4xx_HAL_Driver/Src/stm32f4xx_hal_rcc.o
 .ARM.attributes
                0x000000000000037f       0x34 ./Drivers/STM32F4xx_HAL_Driver/Src/stm32f4xx_hal_spi.o
 .ARM.attributes
                0x00000000000003b3       0x34 ./Drivers/STM32F4xx_HAL_Driver/Src/stm32f4xx_hal_tim.o
 .ARM.attributes
                0x00000000000003e7       0x34 ./Drivers/STM32F4xx_HAL_Driver/Src/stm32f4xx_hal_tim_ex.o
 .ARM.attributes
                0x000000000000041b       0x34 ./Drivers/STM32F4xx_HAL_Driver/Src/stm32f4xx_hal_uart.o
 .ARM.attributes
                0x000000000000044f       0x34 /opt/st/stm32cubeide_1.14.0/plugins/com.st.stm32cube.ide.mcu.externaltools.gnu-tools-for-stm32.11.3.rel1.linux64_1.1.100.202309141235/tools/bin/../lib/gcc/arm-none-eabi/11.3.1/../../../../arm-none-eabi/lib/thumb/v7e-m+fp/hard/libc_nano.a(libc_a-memset.o)
 .ARM.attributes
                0x0000000000000483       0x34 /opt/st/stm32cubeide_1.14.0/plugins/com.st.stm32cube.ide.mcu.externaltools.gnu-tools-for-stm32.11.3.rel1.linux64_1.1.100.202309141235/tools/bin/../lib/gcc/arm-none-eabi/11.3.1/../../../../arm-none-eabi/lib/thumb/v7e-m+fp/hard/libc_nano.a(libc_a-init.o)
 .ARM.attributes
                0x00000000000004b7       0x34 /opt/st/stm32cubeide_1.14.0/plugins/com.st.stm32cube.ide.mcu.externaltools.gnu-tools-for-stm32.11.3.rel1.linux64_1.1.100.202309141235/tools/bin/../lib/gcc/arm-none-eabi/11.3.1/../../../../arm-none-eabi/lib/thumb/v7e-m+fp/hard/libc_nano.a(libc_a-memcpy-stub.o)
 .ARM.attributes
                0x00000000000004eb       0x1e /opt/st/stm32cubeide_1.14.0/plugins/com.st.stm32cube.ide.mcu.externaltools.gnu-tools-for-stm32.11.3.rel1.linux64_1.1.100.202309141235/tools/bin/../lib/gcc/arm-none-eabi/11.3.1/thumb/v7e-m+fp/hard/libgcc.a(_arm_addsubdf3.o)
 .ARM.attributes
                0x0000000000000509       0x1e /opt/st/stm32cubeide_1.14.0/plugins/com.st.stm32cube.ide.mcu.externaltools.gnu-tools-for-stm32.11.3.rel1.linux64_1.1.100.202309141235/tools/bin/../lib/gcc/arm-none-eabi/11.3.1/thumb/v7e-m+fp/hard/libgcc.a(_arm_muldivdf3.o)
 .ARM.attributes
                0x0000000000000527       0x1e /opt/st/stm32cubeide_1.14.0/plugins/com.st.stm32cube.ide.mcu.externaltools.gnu-tools-for-stm32.11.3.rel1.linux64_1.1.100.202309141235/tools/bin/../lib/gcc/arm-none-eabi/11.3.1/thumb/v7e-m+fp/hard/libgcc.a(_arm_truncdfsf2.o)
 .ARM.attributes
                0x0000000000000545       0x1e /opt/st/stm32cubeide_1.14.0/plugins/com.st.stm32cube.ide.mcu.externaltools.gnu-tools-for-stm32.11.3.rel1.linux64_1.1.100.202309141235/tools/bin/../lib/gcc/arm-none-eabi/11.3.1/thumb/v7e-m+fp/hard/libgcc.a(_aeabi_uldivmod.o)
 .ARM.attributes
                0x0000000000000563       0x34 /opt/st/stm32cubeide_1.14.0/plugins/com.st.stm32cube.ide.mcu.externaltools.gnu-tools-for-stm32.11.3.rel1.linux64_1.1.100.202309141235/tools/bin/../lib/gcc/arm-none-eabi/11.3.1/thumb/v7e-m+fp/hard/libgcc.a(_udivmoddi4.o)
 .ARM.attributes
                0x0000000000000597       0x1e /opt/st/stm32cubeide_1.14.0/plugins/com.st.stm32cube.ide.mcu.externaltools.gnu-tools-for-stm32.11.3.rel1.linux64_1.1.100.202309141235/tools/bin/../lib/gcc/arm-none-eabi/11.3.1/thumb/v7e-m+fp/hard/libgcc.a(_dvmd_tls.o)
 .ARM.attributes
                0x00000000000005b5       0x1e /opt/st/stm32cubeide_1.14.0/plugins/com.st.stm32cube.ide.mcu.externaltools.gnu-tools-for-stm32.11.3.rel1.linux64_1.1.100.202309141235/tools/bin/../lib/gcc/arm-none-eabi/11.3.1/thumb/v7e-m+fp/hard/crtn.o
OUTPUT(AMR_Sensor_F401.elf elf32-littlearm)
LOAD linker stubs
LOAD /opt/st/stm32cubeide_1.14.0/plugins/com.st.stm32cube.ide.mcu.externaltools.gnu-tools-for-stm32.11.3.rel1.linux64_1.1.100.202309141235/tools/bin/../lib/gcc/arm-none-eabi/11.3.1/../../../../arm-none-eabi/lib/thumb/v7e-m+fp/hard/libc.a
LOAD /opt/st/stm32cubeide_1.14.0/plugins/com.st.stm32cube.ide.mcu.externaltools.gnu-tools-for-stm32.11.3.rel1.linux64_1.1.100.202309141235/tools/bin/../lib/gcc/arm-none-eabi/11.3.1/../../../../arm-none-eabi/lib/thumb/v7e-m+fp/hard/libm.a
LOAD /opt/st/stm32cubeide_1.14.0/plugins/com.st.stm32cube.ide.mcu.externaltools.gnu-tools-for-stm32.11.3.rel1.linux64_1.1.100.202309141235/tools/bin/../lib/gcc/arm-none-eabi/11.3.1/thumb/v7e-m+fp/hard/libgcc.a

.comment        0x0000000000000000       0x43
 .comment       0x0000000000000000       0x43 /opt/st/stm32cubeide_1.14.0/plugins/com.st.stm32cube.ide.mcu.externaltools.gnu-tools-for-stm32.11.3.rel1.linux64_1.1.100.202309141235/tools/bin/../lib/gcc/arm-none-eabi/11.3.1/thumb/v7e-m+fp/hard/crtbegin.o
                                         0x44 (size before relaxing)
 .comment       0x0000000000000043       0x44 ./Core/Src/BNO08X.o
 .comment       0x0000000000000043       0x44 ./Core/Src/HX711.o
 .comment       0x0000000000000043       0x44 ./Core/Src/MAX6675.o
 .comment       0x0000000000000043       0x44 ./Core/Src/Voltage_Current.o
 .comment       0x0000000000000043       0x44 ./Core/Src/communication_full.o
 .comment       0x0000000000000043       0x44 ./Core/Src/main.o
 .comment       0x0000000000000043       0x44 ./Core/Src/stm32f4xx_hal_msp.o
 .comment       0x0000000000000043       0x44 ./Core/Src/stm32f4xx_it.o
 .comment       0x0000000000000043       0x44 ./Core/Src/system_stm32f4xx.o
 .comment       0x0000000000000043       0x44 ./Drivers/STM32F4xx_HAL_Driver/Src/stm32f4xx_hal.o
 .comment       0x0000000000000043       0x44 ./Drivers/STM32F4xx_HAL_Driver/Src/stm32f4xx_hal_adc.o
 .comment       0x0000000000000043       0x44 ./Drivers/STM32F4xx_HAL_Driver/Src/stm32f4xx_hal_cortex.o
 .comment       0x0000000000000043       0x44 ./Drivers/STM32F4xx_HAL_Driver/Src/stm32f4xx_hal_dma.o
 .comment       0x0000000000000043       0x44 ./Drivers/STM32F4xx_HAL_Driver/Src/stm32f4xx_hal_gpio.o
 .comment       0x0000000000000043       0x44 ./Drivers/STM32F4xx_HAL_Driver/Src/stm32f4xx_hal_rcc.o
 .comment       0x0000000000000043       0x44 ./Drivers/STM32F4xx_HAL_Driver/Src/stm32f4xx_hal_spi.o
 .comment       0x0000000000000043       0x44 ./Drivers/STM32F4xx_HAL_Driver/Src/stm32f4xx_hal_tim.o
 .comment       0x0000000000000043       0x44 ./Drivers/STM32F4xx_HAL_Driver/Src/stm32f4xx_hal_tim_ex.o
 .comment       0x0000000000000043       0x44 ./Drivers/STM32F4xx_HAL_Driver/Src/stm32f4xx_hal_uart.o

.debug_info     0x0000000000000000    0x13134
 .debug_info    0x0000000000000000      0x723 ./Core/Src/BNO08X.o
 .debug_info    0x0000000000000723      0x86e ./Core/Src/HX711.o
 .debug_info    0x0000000000000f91      0x75b ./Core/Src/MAX6675.o
 .debug_info    0x00000000000016ec      0x82f ./Core/Src/Voltage_Current.o
 .debug_info    0x0000000000001f1b     0x13aa ./Core/Src/communication_full.o
 .debug_info    0x00000000000032c5     0x2270 ./Core/Src/main.o
 .debug_info    0x0000000000005535     0x13c8 ./Core/Src/stm32f4xx_hal_msp.o
 .debug_info    0x00000000000068fd      0x3f1 ./Core/Src/stm32f4xx_it.o
 .debug_info    0x0000000000006cee      0x53e ./Core/Src/system_stm32f4xx.o
 .debug_info    0x000000000000722c       0x23 ./Core/Startup/startup_stm32f401ccux.o
 .debug_info    0x000000000000724f      0x8bb ./Drivers/STM32F4xx_HAL_Driver/Src/stm32f4xx_hal.o
 .debug_info    0x0000000000007b0a      0xcd1 ./Drivers/STM32F4xx_HAL_Driver/Src/stm32f4xx_hal_adc.o
 .debug_info    0x00000000000087db      0xcc1 ./Drivers/STM32F4xx_HAL_Driver/Src/stm32f4xx_hal_cortex.o
 .debug_info    0x000000000000949c      0x8e6 ./Drivers/STM32F4xx_HAL_Driver/Src/stm32f4xx_hal_dma.o
 .debug_info    0x0000000000009d82      0x6f9 ./Drivers/STM32F4xx_HAL_Driver/Src/stm32f4xx_hal_gpio.o
 .debug_info    0x000000000000a47b      0x8f3 ./Drivers/STM32F4xx_HAL_Driver/Src/stm32f4xx_hal_rcc.o
 .debug_info    0x000000000000ad6e     0x1606 ./Drivers/STM32F4xx_HAL_Driver/Src/stm32f4xx_hal_spi.o
 .debug_info    0x000000000000c374     0x2996 ./Drivers/STM32F4xx_HAL_Driver/Src/stm32f4xx_hal_tim.o
 .debug_info    0x000000000000ed0a     0x14d4 ./Drivers/STM32F4xx_HAL_Driver/Src/stm32f4xx_hal_tim_ex.o
 .debug_info    0x00000000000101de     0x2f56 ./Drivers/STM32F4xx_HAL_Driver/Src/stm32f4xx_hal_uart.o

.debug_abbrev   0x0000000000000000     0x2ac0
 .debug_abbrev  0x0000000000000000      0x193 ./Core/Src/BNO08X.o
 .debug_abbrev  0x0000000000000193      0x1f8 ./Core/Src/HX711.o
 .debug_abbrev  0x000000000000038b      0x1a3 ./Core/Src/MAX6675.o
 .debug_abbrev  0x000000000000052e      0x171 ./Core/Src/Voltage_Current.o
 .debug_abbrev  0x000000000000069f      0x344 ./Core/Src/communication_full.o
 .debug_abbrev  0x00000000000009e3      0x333 ./Core/Src/main.o
 .debug_abbrev  0x0000000000000d16      0x25e ./Core/Src/stm32f4xx_hal_msp.o
 .debug_abbrev  0x0000000000000f74      0x13a ./Core/Src/stm32f4xx_it.o
 .debug_abbrev  0x00000000000010ae      0x11a ./Core/Src/system_stm32f4xx.o
 .debug_abbrev  0x00000000000011c8       0x12 ./Core/Startup/startup_stm32f401ccux.o
 .debug_abbrev  0x00000000000011da      0x24b ./Drivers/STM32F4xx_HAL_Driver/Src/stm32f4xx_hal.o
 .debug_abbrev  0x0000000000001425      0x20e ./Drivers/STM32F4xx_HAL_Driver/Src/stm32f4xx_hal_adc.o
 .debug_abbrev  0x0000000000001633      0x328 ./Drivers/STM32F4xx_HAL_Driver/Src/stm32f4xx_hal_cortex.o
 .debug_abbrev  0x000000000000195b      0x221 ./Drivers/STM32F4xx_HAL_Driver/Src/stm32f4xx_hal_dma.o
 .debug_abbrev  0x0000000000001b7c      0x1d3 ./Drivers/STM32F4xx_HAL_Driver/Src/stm32f4xx_hal_gpio.o
 .debug_abbrev  0x0000000000001d4f      0x2b5 ./Drivers/STM32F4xx_HAL_Driver/Src/stm32f4xx_hal_rcc.o
 .debug_abbrev  0x0000000000002004      0x280 ./Drivers/STM32F4xx_HAL_Driver/Src/stm32f4xx_hal_spi.o
 .debug_abbrev  0x0000000000002284      0x28b ./Drivers/STM32F4xx_HAL_Driver/Src/stm32f4xx_hal_tim.o
 .debug_abbrev  0x000000000000250f      0x296 ./Drivers/STM32F4xx_HAL_Driver/Src/stm32f4xx_hal_tim_ex.o
 .debug_abbrev  0x00000000000027a5      0x31b ./Drivers/STM32F4xx_HAL_Driver/Src/stm32f4xx_hal_uart.o

.debug_aranges  0x0000000000000000     0x1128
 .debug_aranges
                0x0000000000000000       0x28 ./Core/Src/BNO08X.o
 .debug_aranges
                0x0000000000000028       0xa0 ./Core/Src/HX711.o
 .debug_aranges
                0x00000000000000c8       0x20 ./Core/Src/MAX6675.o
 .debug_aranges
                0x00000000000000e8       0x50 ./Core/Src/Voltage_Current.o
 .debug_aranges
                0x0000000000000138       0xd8 ./Core/Src/communication_full.o
 .debug_aranges
                0x0000000000000210       0x78 ./Core/Src/main.o
 .debug_aranges
                0x0000000000000288       0x60 ./Core/Src/stm32f4xx_hal_msp.o
 .debug_aranges
                0x00000000000002e8       0x78 ./Core/Src/stm32f4xx_it.o
 .debug_aranges
                0x0000000000000360       0x28 ./Core/Src/system_stm32f4xx.o
 .debug_aranges
                0x0000000000000388       0x28 ./Core/Startup/startup_stm32f401ccux.o
 .debug_aranges
                0x00000000000003b0       0xf0 ./Drivers/STM32F4xx_HAL_Driver/Src/stm32f4xx_hal.o
 .debug_aranges
                0x00000000000004a0       0xe8 ./Drivers/STM32F4xx_HAL_Driver/Src/stm32f4xx_hal_adc.o
 .debug_aranges
                0x0000000000000588      0x120 ./Drivers/STM32F4xx_HAL_Driver/Src/stm32f4xx_hal_cortex.o
 .debug_aranges
                0x00000000000006a8       0x90 ./Drivers/STM32F4xx_HAL_Driver/Src/stm32f4xx_hal_dma.o
 .debug_aranges
                0x0000000000000738       0x58 ./Drivers/STM32F4xx_HAL_Driver/Src/stm32f4xx_hal_gpio.o
 .debug_aranges
                0x0000000000000790       0x88 ./Drivers/STM32F4xx_HAL_Driver/Src/stm32f4xx_hal_rcc.o
 .debug_aranges
                0x0000000000000818      0x1d0 ./Drivers/STM32F4xx_HAL_Driver/Src/stm32f4xx_hal_spi.o
 .debug_aranges
                0x00000000000009e8      0x3d0 ./Drivers/STM32F4xx_HAL_Driver/Src/stm32f4xx_hal_tim.o
 .debug_aranges
                0x0000000000000db8      0x168 ./Drivers/STM32F4xx_HAL_Driver/Src/stm32f4xx_hal_tim_ex.o
 .debug_aranges
                0x0000000000000f20      0x208 ./Drivers/STM32F4xx_HAL_Driver/Src/stm32f4xx_hal_uart.o

.debug_rnglists
                0x0000000000000000      0xd66
 .debug_rnglists
                0x0000000000000000       0x1a ./Core/Src/BNO08X.o
 .debug_rnglists
                0x000000000000001a       0x75 ./Core/Src/HX711.o
 .debug_rnglists
                0x000000000000008f       0x14 ./Core/Src/MAX6675.o
 .debug_rnglists
                0x00000000000000a3       0x39 ./Core/Src/Voltage_Current.o
 .debug_rnglists
                0x00000000000000dc       0xaa ./Core/Src/communication_full.o
 .debug_rnglists
                0x0000000000000186       0x5a ./Core/Src/main.o
 .debug_rnglists
                0x00000000000001e0       0x47 ./Core/Src/stm32f4xx_hal_msp.o
 .debug_rnglists
                0x0000000000000227       0x55 ./Core/Src/stm32f4xx_it.o
 .debug_rnglists
                0x000000000000027c       0x1a ./Core/Src/system_stm32f4xx.o
 .debug_rnglists
                0x0000000000000296       0x19 ./Core/Startup/startup_stm32f401ccux.o
 .debug_rnglists
                0x00000000000002af       0xaf ./Drivers/STM32F4xx_HAL_Driver/Src/stm32f4xx_hal.o
 .debug_rnglists
                0x000000000000035e       0xb5 ./Drivers/STM32F4xx_HAL_Driver/Src/stm32f4xx_hal_adc.o
 .debug_rnglists
                0x0000000000000413       0xd4 ./Drivers/STM32F4xx_HAL_Driver/Src/stm32f4xx_hal_cortex.o
 .debug_rnglists
                0x00000000000004e7       0x70 ./Drivers/STM32F4xx_HAL_Driver/Src/stm32f4xx_hal_dma.o
 .debug_rnglists
                0x0000000000000557       0x3f ./Drivers/STM32F4xx_HAL_Driver/Src/stm32f4xx_hal_gpio.o
 .debug_rnglists
                0x0000000000000596       0x66 ./Drivers/STM32F4xx_HAL_Driver/Src/stm32f4xx_hal_rcc.o
 .debug_rnglists
                0x00000000000005fc      0x16f ./Drivers/STM32F4xx_HAL_Driver/Src/stm32f4xx_hal_spi.o
 .debug_rnglists
                0x000000000000076b      0x31a ./Drivers/STM32F4xx_HAL_Driver/Src/stm32f4xx_hal_tim.o
 .debug_rnglists
                0x0000000000000a85      0x125 ./Drivers/STM32F4xx_HAL_Driver/Src/stm32f4xx_hal_tim_ex.o
 .debug_rnglists
                0x0000000000000baa      0x1bc ./Drivers/STM32F4xx_HAL_Driver/Src/stm32f4xx_hal_uart.o

.debug_macro    0x0000000000000000    0x17f57
 .debug_macro   0x0000000000000000      0x219 ./Core/Src/BNO08X.o
 .debug_macro   0x0000000000000219      0xaa8 ./Core/Src/BNO08X.o
 .debug_macro   0x0000000000000cc1      0x2a7 ./Core/Src/BNO08X.o
 .debug_macro   0x0000000000000f68       0x2e ./Core/Src/BNO08X.o
 .debug_macro   0x0000000000000f96       0x28 ./Core/Src/BNO08X.o
 .debug_macro   0x0000000000000fbe       0x22 ./Core/Src/BNO08X.o
 .debug_macro   0x0000000000000fe0       0x8e ./Core/Src/BNO08X.o
 .debug_macro   0x000000000000106e       0x51 ./Core/Src/BNO08X.o
 .debug_macro   0x00000000000010bf      0x103 ./Core/Src/BNO08X.o
 .debug_macro   0x00000000000011c2       0x6a ./Core/Src/BNO08X.o
 .debug_macro   0x000000000000122c      0x1df ./Core/Src/BNO08X.o
 .debug_macro   0x000000000000140b       0x1c ./Core/Src/BNO08X.o
 .debug_macro   0x0000000000001427       0x22 ./Core/Src/BNO08X.o
 .debug_macro   0x0000000000001449       0xfb ./Core/Src/BNO08X.o
 .debug_macro   0x0000000000001544     0x1011 ./Core/Src/BNO08X.o
 .debug_macro   0x0000000000002555      0x11f ./Core/Src/BNO08X.o
 .debug_macro   0x0000000000002674     0xb86c ./Core/Src/BNO08X.o
 .debug_macro   0x000000000000dee0       0x6d ./Core/Src/BNO08X.o
 .debug_macro   0x000000000000df4d     0x368c ./Core/Src/BNO08X.o
 .debug_macro   0x00000000000115d9      0x174 ./Core/Src/BNO08X.o
 .debug_macro   0x000000000001174d       0x5c ./Core/Src/BNO08X.o
 .debug_macro   0x00000000000117a9      0x416 ./Core/Src/BNO08X.o
 .debug_macro   0x0000000000011bbf      0x9e9 ./Core/Src/BNO08X.o
 .debug_macro   0x00000000000125a8      0x115 ./Core/Src/BNO08X.o
 .debug_macro   0x00000000000126bd       0xf8 ./Core/Src/BNO08X.o
 .debug_macro   0x00000000000127b5       0xa5 ./Core/Src/BNO08X.o
 .debug_macro   0x000000000001285a      0x15f ./Core/Src/BNO08X.o
 .debug_macro   0x00000000000129b9      0x287 ./Core/Src/BNO08X.o
 .debug_macro   0x0000000000012c40       0x5f ./Core/Src/BNO08X.o
 .debug_macro   0x0000000000012c9f      0x236 ./Core/Src/BNO08X.o
 .debug_macro   0x0000000000012ed5      0x9e1 ./Core/Src/BNO08X.o
 .debug_macro   0x00000000000138b6      0x38b ./Core/Src/BNO08X.o
 .debug_macro   0x0000000000013c41      0x176 ./Core/Src/BNO08X.o
 .debug_macro   0x0000000000013db7       0xf9 ./Core/Src/BNO08X.o
 .debug_macro   0x0000000000013eb0      0x132 ./Core/Src/BNO08X.o
 .debug_macro   0x0000000000013fe2      0x23a ./Core/Src/BNO08X.o
 .debug_macro   0x000000000001421c       0x2e ./Core/Src/BNO08X.o
 .debug_macro   0x000000000001424a      0x127 ./Core/Src/BNO08X.o
 .debug_macro   0x0000000000014371       0x85 ./Core/Src/BNO08X.o
 .debug_macro   0x00000000000143f6       0x89 ./Core/Src/BNO08X.o
 .debug_macro   0x000000000001447f      0x225 ./Core/Src/BNO08X.o
 .debug_macro   0x00000000000146a4      0x8ed ./Core/Src/BNO08X.o
 .debug_macro   0x0000000000014f91       0x47 ./Core/Src/BNO08X.o
 .debug_macro   0x0000000000014fd8      0x2aa ./Core/Src/BNO08X.o
 .debug_macro   0x0000000000015282      0x126 ./Core/Src/BNO08X.o
 .debug_macro   0x00000000000153a8       0xac ./Core/Src/BNO08X.o
 .debug_macro   0x0000000000015454      0x227 ./Core/Src/HX711.o
 .debug_macro   0x000000000001567b       0x22 ./Core/Src/HX711.o
 .debug_macro   0x000000000001569d       0x1c ./Core/Src/HX711.o
 .debug_macro   0x00000000000156b9      0x21e ./Core/Src/MAX6675.o
 .debug_macro   0x00000000000158d7       0x10 ./Core/Src/MAX6675.o
 .debug_macro   0x00000000000158e7      0x2c4 ./Core/Src/Voltage_Current.o
 .debug_macro   0x0000000000015bab      0x24d ./Core/Src/communication_full.o
 .debug_macro   0x0000000000015df8      0x3bb ./Core/Src/main.o
 .debug_macro   0x00000000000161b3       0x16 ./Core/Src/main.o
 .debug_macro   0x00000000000161c9       0x10 ./Core/Src/main.o
 .debug_macro   0x00000000000161d9       0x35 ./Core/Src/main.o
 .debug_macro   0x000000000001620e       0x20 ./Core/Src/main.o
 .debug_macro   0x000000000001622e       0x1c ./Core/Src/main.o
 .debug_macro   0x000000000001624a       0x10 ./Core/Src/main.o
 .debug_macro   0x000000000001625a       0x1c ./Core/Src/main.o
 .debug_macro   0x0000000000016276       0x16 ./Core/Src/main.o
 .debug_macro   0x000000000001628c      0x147 ./Core/Src/main.o
 .debug_macro   0x00000000000163d3       0x16 ./Core/Src/main.o
 .debug_macro   0x00000000000163e9       0x6a ./Core/Src/main.o
 .debug_macro   0x0000000000016453       0x3a ./Core/Src/main.o
 .debug_macro   0x000000000001648d      0x20f ./Core/Src/stm32f4xx_hal_msp.o
 .debug_macro   0x000000000001669c      0x219 ./Core/Src/stm32f4xx_it.o
 .debug_macro   0x00000000000168b5      0x200 ./Core/Src/system_stm32f4xx.o
 .debug_macro   0x0000000000016ab5      0x260 ./Drivers/STM32F4xx_HAL_Driver/Src/stm32f4xx_hal.o
 .debug_macro   0x0000000000016d15      0x201 ./Drivers/STM32F4xx_HAL_Driver/Src/stm32f4xx_hal_adc.o
 .debug_macro   0x0000000000016f16      0x200 ./Drivers/STM32F4xx_HAL_Driver/Src/stm32f4xx_hal_cortex.o
 .debug_macro   0x0000000000017116      0x206 ./Drivers/STM32F4xx_HAL_Driver/Src/stm32f4xx_hal_dma.o
 .debug_macro   0x000000000001731c      0x206 ./Drivers/STM32F4xx_HAL_Driver/Src/stm32f4xx_hal_gpio.o
 .debug_macro   0x0000000000017522      0x224 ./Drivers/STM32F4xx_HAL_Driver/Src/stm32f4xx_hal_rcc.o
 .debug_macro   0x0000000000017746      0x20f ./Drivers/STM32F4xx_HAL_Driver/Src/stm32f4xx_hal_spi.o
 .debug_macro   0x0000000000017955      0x201 ./Drivers/STM32F4xx_HAL_Driver/Src/stm32f4xx_hal_tim.o
 .debug_macro   0x0000000000017b56      0x200 ./Drivers/STM32F4xx_HAL_Driver/Src/stm32f4xx_hal_tim_ex.o
 .debug_macro   0x0000000000017d56      0x201 ./Drivers/STM32F4xx_HAL_Driver/Src/stm32f4xx_hal_uart.o

.debug_line     0x0000000000000000    0x1492c
 .debug_line    0x0000000000000000      0x7b2 ./Core/Src/BNO08X.o
 .debug_line    0x00000000000007b2      0xa1f ./Core/Src/HX711.o
 .debug_line    0x00000000000011d1      0x726 ./Core/Src/MAX6675.o
 .debug_line    0x00000000000018f7      0x953 ./Core/Src/Voltage_Current.o
 .debug_line    0x000000000000224a     0x1e35 ./Core/Src/communication_full.o
 .debug_line    0x000000000000407f      0xc40 ./Core/Src/main.o
 .debug_line    0x0000000000004cbf      0x8e6 ./Core/Src/stm32f4xx_hal_msp.o
 .debug_line    0x00000000000055a5      0x7fc ./Core/Src/stm32f4xx_it.o
 .debug_line    0x0000000000005da1      0x773 ./Core/Src/system_stm32f4xx.o
 .debug_line    0x0000000000006514       0x7a ./Core/Startup/startup_stm32f401ccux.o
 .debug_line    0x000000000000658e      0x9d9 ./Drivers/STM32F4xx_HAL_Driver/Src/stm32f4xx_hal.o
 .debug_line    0x0000000000006f67     0x118d ./Drivers/STM32F4xx_HAL_Driver/Src/stm32f4xx_hal_adc.o
 .debug_line    0x00000000000080f4      0xca5 ./Drivers/STM32F4xx_HAL_Driver/Src/stm32f4xx_hal_cortex.o
 .debug_line    0x0000000000008d99      0xf3d ./Drivers/STM32F4xx_HAL_Driver/Src/stm32f4xx_hal_dma.o
 .debug_line    0x0000000000009cd6      0xb11 ./Drivers/STM32F4xx_HAL_Driver/Src/stm32f4xx_hal_gpio.o
 .debug_line    0x000000000000a7e7      0xd50 ./Drivers/STM32F4xx_HAL_Driver/Src/stm32f4xx_hal_rcc.o
 .debug_line    0x000000000000b537     0x1cb0 ./Drivers/STM32F4xx_HAL_Driver/Src/stm32f4xx_hal_spi.o
 .debug_line    0x000000000000d1e7     0x353f ./Drivers/STM32F4xx_HAL_Driver/Src/stm32f4xx_hal_tim.o
 .debug_line    0x0000000000010726     0x1970 ./Drivers/STM32F4xx_HAL_Driver/Src/stm32f4xx_hal_tim_ex.o
 .debug_line    0x0000000000012096     0x2896 ./Drivers/STM32F4xx_HAL_Driver/Src/stm32f4xx_hal_uart.o

.debug_str      0x0000000000000000    0x9c071
 .debug_str     0x0000000000000000    0x933e5 ./Core/Src/BNO08X.o
                                      0x936d2 (size before relaxing)
 .debug_str     0x00000000000933e5      0x2df ./Core/Src/HX711.o
                                      0x9348c (size before relaxing)
 .debug_str     0x00000000000936c4      0x1e4 ./Core/Src/MAX6675.o
                                      0x936b4 (size before relaxing)
 .debug_str     0x00000000000938a8     0x3be8 ./Core/Src/Voltage_Current.o
                                      0x9700c (size before relaxing)
 .debug_str     0x0000000000097490      0x47f ./Core/Src/communication_full.o
                                      0x93b7e (size before relaxing)
 .debug_str     0x000000000009790f     0x14ef ./Core/Src/main.o
                                      0x98528 (size before relaxing)
 .debug_str     0x0000000000098dfe       0xfb ./Core/Src/stm32f4xx_hal_msp.o
                                      0x93e89 (size before relaxing)
 .debug_str     0x0000000000098ef9      0x124 ./Core/Src/stm32f4xx_it.o
                                      0x934ce (size before relaxing)
 .debug_str     0x000000000009901d       0xdb ./Core/Src/system_stm32f4xx.o
                                      0x93084 (size before relaxing)
 .debug_str     0x00000000000990f8       0x34 ./Core/Startup/startup_stm32f401ccux.o
                                         0x7c (size before relaxing)
 .debug_str     0x000000000009912c      0x5f7 ./Drivers/STM32F4xx_HAL_Driver/Src/stm32f4xx_hal.o
                                      0x93aa6 (size before relaxing)
 .debug_str     0x0000000000099723      0x269 ./Drivers/STM32F4xx_HAL_Driver/Src/stm32f4xx_hal_adc.o
                                      0x9365f (size before relaxing)
 .debug_str     0x000000000009998c      0x347 ./Drivers/STM32F4xx_HAL_Driver/Src/stm32f4xx_hal_cortex.o
                                      0x937de (size before relaxing)
 .debug_str     0x0000000000099cd3      0x2c7 ./Drivers/STM32F4xx_HAL_Driver/Src/stm32f4xx_hal_dma.o
                                      0x9348c (size before relaxing)
 .debug_str     0x0000000000099f9a      0x110 ./Drivers/STM32F4xx_HAL_Driver/Src/stm32f4xx_hal_gpio.o
                                      0x931ff (size before relaxing)
 .debug_str     0x000000000009a0aa      0x233 ./Drivers/STM32F4xx_HAL_Driver/Src/stm32f4xx_hal_rcc.o
                                      0x934b8 (size before relaxing)
 .debug_str     0x000000000009a2dd      0x557 ./Drivers/STM32F4xx_HAL_Driver/Src/stm32f4xx_hal_spi.o
                                      0x93936 (size before relaxing)
 .debug_str     0x000000000009a834      0xde1 ./Drivers/STM32F4xx_HAL_Driver/Src/stm32f4xx_hal_tim.o
                                      0x943fc (size before relaxing)
 .debug_str     0x000000000009b615      0x493 ./Drivers/STM32F4xx_HAL_Driver/Src/stm32f4xx_hal_tim_ex.o
                                      0x93c08 (size before relaxing)
 .debug_str     0x000000000009baa8      0x5c9 ./Drivers/STM32F4xx_HAL_Driver/Src/stm32f4xx_hal_uart.o
                                      0x93a87 (size before relaxing)

.debug_frame    0x0000000000000000     0x49ac
 .debug_frame   0x0000000000000000       0x58 ./Core/Src/BNO08X.o
 .debug_frame   0x0000000000000058      0x29c ./Core/Src/HX711.o
 .debug_frame   0x00000000000002f4       0x34 ./Core/Src/MAX6675.o
 .debug_frame   0x0000000000000328      0x114 ./Core/Src/Voltage_Current.o
 .debug_frame   0x000000000000043c      0x3b8 ./Core/Src/communication_full.o
 .debug_frame   0x00000000000007f4      0x18c ./Core/Src/main.o
 .debug_frame   0x0000000000000980      0x164 ./Core/Src/stm32f4xx_hal_msp.o
 .debug_frame   0x0000000000000ae4      0x158 ./Core/Src/stm32f4xx_it.o
 .debug_frame   0x0000000000000c3c       0x58 ./Core/Src/system_stm32f4xx.o
 .debug_frame   0x0000000000000c94      0x374 ./Drivers/STM32F4xx_HAL_Driver/Src/stm32f4xx_hal.o
 .debug_frame   0x0000000000001008      0x3fc ./Drivers/STM32F4xx_HAL_Driver/Src/stm32f4xx_hal_adc.o
 .debug_frame   0x0000000000001404      0x4b8 ./Drivers/STM32F4xx_HAL_Driver/Src/stm32f4xx_hal_cortex.o
 .debug_frame   0x00000000000018bc      0x250 ./Drivers/STM32F4xx_HAL_Driver/Src/stm32f4xx_hal_dma.o
 .debug_frame   0x0000000000001b0c      0x14c ./Drivers/STM32F4xx_HAL_Driver/Src/stm32f4xx_hal_gpio.o
 .debug_frame   0x0000000000001c58      0x1f4 ./Drivers/STM32F4xx_HAL_Driver/Src/stm32f4xx_hal_rcc.o
 .debug_frame   0x0000000000001e4c      0x828 ./Drivers/STM32F4xx_HAL_Driver/Src/stm32f4xx_hal_spi.o
 .debug_frame   0x0000000000002674     0x11b8 ./Drivers/STM32F4xx_HAL_Driver/Src/stm32f4xx_hal_tim.o
 .debug_frame   0x000000000000382c      0x638 ./Drivers/STM32F4xx_HAL_Driver/Src/stm32f4xx_hal_tim_ex.o
 .debug_frame   0x0000000000003e64      0x954 ./Drivers/STM32F4xx_HAL_Driver/Src/stm32f4xx_hal_uart.o
 .debug_frame   0x00000000000047b8       0x20 /opt/st/stm32cubeide_1.14.0/plugins/com.st.stm32cube.ide.mcu.externaltools.gnu-tools-for-stm32.11.3.rel1.linux64_1.1.100.202309141235/tools/bin/../lib/gcc/arm-none-eabi/11.3.1/../../../../arm-none-eabi/lib/thumb/v7e-m+fp/hard/libc_nano.a(libc_a-memset.o)
 .debug_frame   0x00000000000047d8       0x2c /opt/st/stm32cubeide_1.14.0/plugins/com.st.stm32cube.ide.mcu.externaltools.gnu-tools-for-stm32.11.3.rel1.linux64_1.1.100.202309141235/tools/bin/../lib/gcc/arm-none-eabi/11.3.1/../../../../arm-none-eabi/lib/thumb/v7e-m+fp/hard/libc_nano.a(libc_a-init.o)
 .debug_frame   0x0000000000004804       0x28 /opt/st/stm32cubeide_1.14.0/plugins/com.st.stm32cube.ide.mcu.externaltools.gnu-tools-for-stm32.11.3.rel1.linux64_1.1.100.202309141235/tools/bin/../lib/gcc/arm-none-eabi/11.3.1/../../../../arm-none-eabi/lib/thumb/v7e-m+fp/hard/libc_nano.a(libc_a-memcpy-stub.o)
 .debug_frame   0x000000000000482c       0xac /opt/st/stm32cubeide_1.14.0/plugins/com.st.stm32cube.ide.mcu.externaltools.gnu-tools-for-stm32.11.3.rel1.linux64_1.1.100.202309141235/tools/bin/../lib/gcc/arm-none-eabi/11.3.1/thumb/v7e-m+fp/hard/libgcc.a(_arm_addsubdf3.o)
 .debug_frame   0x00000000000048d8       0x50 /opt/st/stm32cubeide_1.14.0/plugins/com.st.stm32cube.ide.mcu.externaltools.gnu-tools-for-stm32.11.3.rel1.linux64_1.1.100.202309141235/tools/bin/../lib/gcc/arm-none-eabi/11.3.1/thumb/v7e-m+fp/hard/libgcc.a(_arm_muldivdf3.o)
 .debug_frame   0x0000000000004928       0x24 /opt/st/stm32cubeide_1.14.0/plugins/com.st.stm32cube.ide.mcu.externaltools.gnu-tools-for-stm32.11.3.rel1.linux64_1.1.100.202309141235/tools/bin/../lib/gcc/arm-none-eabi/11.3.1/thumb/v7e-m+fp/hard/libgcc.a(_arm_truncdfsf2.o)
 .debug_frame   0x000000000000494c       0x2c /opt/st/stm32cubeide_1.14.0/plugins/com.st.stm32cube.ide.mcu.externaltools.gnu-tools-for-stm32.11.3.rel1.linux64_1.1.100.202309141235/tools/bin/../lib/gcc/arm-none-eabi/11.3.1/thumb/v7e-m+fp/hard/libgcc.a(_aeabi_uldivmod.o)
 .debug_frame   0x0000000000004978       0x34 /opt/st/stm32cubeide_1.14.0/plugins/com.st.stm32cube.ide.mcu.externaltools.gnu-tools-for-stm32.11.3.rel1.linux64_1.1.100.202309141235/tools/bin/../lib/gcc/arm-none-eabi/11.3.1/thumb/v7e-m+fp/hard/libgcc.a(_udivmoddi4.o)

.debug_line_str
                0x0000000000000000       0x70
 .debug_line_str
                0x0000000000000000       0x70 ./Core/Startup/startup_stm32f401ccux.o
                                         0x88 (size before relaxing)
