../Core/Src/communication_full.c:25:6:komunikasi_ctrl_init	16	static
../Core/Src/communication_full.c:29:9:checksum_ctrl_generator	24	static
../Core/Src/communication_full.c:35:6:tx_ctrl_ping	40	static
../Core/Src/communication_full.c:43:6:tx_ctrl_send_BNO055	56	static
../Core/Src/communication_full.c:51:6:tx_ctrl_task_done	40	static
../Core/Src/communication_full.c:67:6:tx_ctrl_send_Kinematic	48	static
../Core/Src/communication_full.c:75:6:tx_ctrl_send_Encoder	32	static
../Core/Src/communication_full.c:83:6:tx_ctrl_send_data	48	static
../Core/Src/communication_full.c:90:6:tx_ctrl_send_Astar	40	static
../Core/Src/communication_full.c:101:6:tx_ctrl_send_Command	8	static
../Core/Src/communication_full.c:106:6:tx_ctrl_forwading	16	static
../Core/Src/communication_full.c:110:6:tx_ctrl_send_Odometry	48	static
../Core/Src/communication_full.c:119:6:rx_ctrl_start_get	8	static
../Core/Src/communication_full.c:123:6:rx_ctrl_get	32	static
../Core/Src/communication_full.c:312:6:komunikasi_pc_init	16	static
../Core/Src/communication_full.c:316:9:checksum_pc_generator	24	static
../Core/Src/communication_full.c:322:6:tx_pc_ping	40	static
../Core/Src/communication_full.c:331:6:tx_pc_send_BNO055	56	static
../Core/Src/communication_full.c:340:6:tx_pc_task_done	40	static
../Core/Src/communication_full.c:349:6:tx_pc_send_Sensor	48	static
../Core/Src/communication_full.c:358:6:tx_pc_send_Kinematic	48	static
../Core/Src/communication_full.c:366:6:tx_pc_send_Encoder	32	static
../Core/Src/communication_full.c:373:6:tx_pc_send_Odometry	48	static
../Core/Src/communication_full.c:381:6:tx_pc_send_data	48	static
../Core/Src/communication_full.c:389:6:rx_pc_start_get	8	static
../Core/Src/communication_full.c:393:6:rx_pc_get	40	static
