../Core/Src/communication_full.c:25:6:komunikasi_ctrl_init	16	static
../Core/Src/communication_full.c:29:9:checksum_ctrl_generator	24	static
../Core/Src/communication_full.c:35:6:tx_ctrl_ping	32	static
../Core/Src/communication_full.c:43:6:tx_ctrl_send_BNO08X	24	static
../Core/Src/communication_full.c:51:6:rx_ctrl_start	8	static
../Core/Src/communication_full.c:55:6:rx_ctrl_start_get	8	static
../Core/Src/communication_full.c:59:6:rx_ctrl_feedback	16	static
../Core/Src/communication_full.c:70:6:rx_ctrl_get	32	static
../Core/Src/communication_full.c:101:6:komunikasi_pc_init	16	static
../Core/Src/communication_full.c:105:9:checksum_pc_generator	24	static
../Core/Src/communication_full.c:111:6:tx_pc_ping	32	static
../Core/Src/communication_full.c:120:6:tx_pc_send_BNO08X	24	static
../Core/Src/communication_full.c:129:6:tx_pc_send_Encoder	32	static
../Core/Src/communication_full.c:138:6:tx_pc_send_Sensor	40	static
../Core/Src/communication_full.c:146:6:rx_pc_start	8	static
../Core/Src/communication_full.c:150:6:rx_pc_start_get	8	static
../Core/Src/communication_full.c:154:6:rx_pc_feedback	16	static
../Core/Src/communication_full.c:165:6:rx_pc_get	24	static
