../Core/Src/communication_full.c:27:6:komunikasi_ctrl_init	16	static
../Core/Src/communication_full.c:31:9:checksum_ctrl_generator	24	static
../Core/Src/communication_full.c:37:6:tx_ctrl_ping	40	static
../Core/Src/communication_full.c:45:6:tx_ctrl_send_BNO08X	32	static
../Core/Src/communication_full.c:52:6:tx_ctrl_task_done	40	static
../Core/Src/communication_full.c:60:6:tx_ctrl_forwading	16	static
../Core/Src/communication_full.c:64:6:tx_ctrl_send_Kinematic	48	static
../Core/Src/communication_full.c:72:6:rx_ctrl_start_get	8	static
../Core/Src/communication_full.c:76:6:rx_ctrl_get	24	static
../Core/Src/communication_full.c:183:6:komunikasi_pc_init	16	static
../Core/Src/communication_full.c:187:9:checksum_pc_generator	24	static
../Core/Src/communication_full.c:193:6:tx_pc_ping	40	static
../Core/Src/communication_full.c:202:6:tx_pc_send_BNO08X	32	static
../Core/Src/communication_full.c:211:6:tx_pc_send_Encoder	32	static
../Core/Src/communication_full.c:220:6:tx_pc_send_Sensor	48	static
../Core/Src/communication_full.c:229:6:tx_pc_send_Kinematic	48	static
../Core/Src/communication_full.c:238:6:tx_pc_send_DWM	40	static
../Core/Src/communication_full.c:245:6:tx_pc_send_Odometry	48	static
../Core/Src/communication_full.c:253:6:rx_pc_start_get	8	static
../Core/Src/communication_full.c:257:6:rx_pc_get	40	static
../Core/Src/communication_full.c:372:6:rx_all_get	24	static
