../Core/Src/communication_full.c:25:6:komunikasi_ctrl_init	16	static
../Core/Src/communication_full.c:29:9:checksum_ctrl_generator	24	static
../Core/Src/communication_full.c:35:6:tx_ctrl_ping	40	static
../Core/Src/communication_full.c:43:6:tx_ctrl_send_BNO055	56	static
../Core/Src/communication_full.c:51:6:tx_ctrl_send_Astar	40	static
../Core/Src/communication_full.c:62:6:tx_ctrl_send_Command	8	static
../Core/Src/communication_full.c:67:6:tx_ctrl_task_done	40	static
../Core/Src/communication_full.c:75:6:tx_ctrl_send_Kinematic	48	static
../Core/Src/communication_full.c:83:6:tx_ctrl_send_Encoder	32	static
../Core/Src/communication_full.c:90:6:tx_ctrl_send_data	48	static
../Core/Src/communication_full.c:97:6:tx_ctrl_forwading	16	static
../Core/Src/communication_full.c:101:6:tx_ctrl_send_Odometry	48	static
../Core/Src/communication_full.c:109:6:rx_ctrl_start_get	8	static
../Core/Src/communication_full.c:113:6:rx_ctrl_get	32	static
../Core/Src/communication_full.c:297:6:komunikasi_pc_init	16	static
../Core/Src/communication_full.c:301:9:checksum_pc_generator	24	static
../Core/Src/communication_full.c:307:6:tx_pc_ping	40	static
../Core/Src/communication_full.c:316:6:tx_pc_send_BNO055	56	static
../Core/Src/communication_full.c:325:6:tx_pc_task_done	40	static
../Core/Src/communication_full.c:334:6:tx_pc_send_Sensor	48	static
../Core/Src/communication_full.c:343:6:tx_pc_send_Kinematic	48	static
../Core/Src/communication_full.c:351:6:tx_pc_send_Encoder	32	static
../Core/Src/communication_full.c:358:6:tx_pc_send_Odometry	48	static
../Core/Src/communication_full.c:366:6:tx_pc_send_data	48	static
../Core/Src/communication_full.c:374:6:rx_pc_start_get	8	static
../Core/Src/communication_full.c:378:6:rx_pc_get	40	static
