../Core/Src/main.c:143:6:HAL_UART_RxCpltCallback	16	static
../Core/Src/main.c:200:5:main	24	static
../Core/Src/main.c:389:6:SystemClock_Config	88	static
../Core/Src/main.c:436:13:MX_ADC1_Init	8	static
../Core/Src/main.c:496:13:MX_SPI1_Init	8	static
../Core/Src/main.c:534:13:MX_TIM1_Init	32	static
../Core/Src/main.c:580:13:MX_USART1_UART_Init	8	static
../Core/Src/main.c:613:13:MX_USART2_UART_Init	8	static
../Core/Src/main.c:646:13:MX_USART6_UART_Init	8	static
../Core/Src/main.c:677:13:MX_DMA_Init	16	static
../Core/Src/main.c:702:13:MX_GPIO_Init	48	static
../Core/Src/main.c:774:6:Error_Handler	4	static,ignoring_inline_asm
