../Core/Src/main.c:136:6:HAL_UART_RxCpltCallback	16	static
../Core/Src/main.c:160:5:main	24	static
../Core/Src/main.c:286:6:SystemClock_Config	88	static
../Core/Src/main.c:333:13:MX_ADC1_Init	8	static
../Core/Src/main.c:393:13:MX_I2C1_Init	8	static
../Core/Src/main.c:427:13:MX_SPI1_Init	8	static
../Core/Src/main.c:465:13:MX_TIM1_Init	32	static
../Core/Src/main.c:511:13:MX_TIM2_Init	32	static
../Core/Src/main.c:556:13:MX_USART1_UART_Init	8	static
../Core/Src/main.c:589:13:MX_USART2_UART_Init	8	static
../Core/Src/main.c:622:13:MX_USART6_UART_Init	8	static
../Core/Src/main.c:653:13:MX_DMA_Init	16	static
../Core/Src/main.c:678:13:MX_GPIO_Init	48	static
../Core/Src/main.c:747:6:Error_Handler	4	static,ignoring_inline_asm
