../Core/Src/user_setting.h:47:6:delay	16	static
../Core/Src/user_setting.h:77:6:shiftOut	24	static
../Core/Src/user_setting.h:92:6:write_8	16	static
../Core/Src/tft.c:12:6:PIN_LOW	16	static
../Core/Src/tft.c:17:6:PIN_HIGH	16	static
../Core/Src/tft.c:22:6:PIN_INPUT	40	static
../Core/Src/tft.c:32:6:PIN_OUTPUT	40	static
../Core/Src/tft.c:94:10:width	4	static
../Core/Src/tft.c:97:10:height	4	static
../Core/Src/tft.c:112:17:color565_to_555	16	static
../Core/Src/tft.c:115:17:color555_to_565	16	static
../Core/Src/tft.c:118:16:color565_to_r	16	static
../Core/Src/tft.c:121:16:color565_to_g	16	static
../Core/Src/tft.c:124:16:color565_to_b	16	static
../Core/Src/tft.c:128:10:color565	16	static
../Core/Src/tft.c:129:10:readPixel	32	static
../Core/Src/tft.c:137:6:WriteCmdData	16	static
../Core/Src/tft.c:145:6:pushCommand	16	static
../Core/Src/tft.c:176:6:setReadDir	8	static
../Core/Src/tft.c:188:6:setWriteDir	8	static
../Core/Src/tft.c:206:13:pushColors_any	40	static
../Core/Src/tft.c:243:13:write24	24	static
../Core/Src/tft.c:254:13:writecmddata	24	static
../Core/Src/tft.c:264:13:WriteCmdParamN	24	static
../Core/Src/tft.c:279:20:WriteCmdParam4	32	static
../Core/Src/tft.c:288:13:init_table	48	static
../Core/Src/tft.c:313:13:init_table16	24	static
../Core/Src/tft.c:330:6:reset	8	static
../Core/Src/tft.c:347:17:read16bits	16	static
../Core/Src/tft.c:356:10:readReg	24	static
../Core/Src/tft.c:374:10:readReg32	24	static
../Core/Src/tft.c:381:10:readReg40	24	static
../Core/Src/tft.c:390:6:tft_init	32	static
../Core/Src/tft.c:468:10:readID	24	static
../Core/Src/tft.c:548:9:readGRAM	56	static
../Core/Src/tft.c:614:6:setRotation	40	static
../Core/Src/tft.c:750:6:drawPixel	32	static
../Core/Src/tft.c:764:6:setAddrWindow	40	static
../Core/Src/tft.c:807:6:vertScroll	32	static
../Core/Src/tft.c:887:6:pushColors16b	24	static
../Core/Src/tft.c:891:6:pushColors8b	24	static
../Core/Src/tft.c:895:6:pushColors4n	24	static
../Core/Src/tft.c:901:6:fillScreen	24	static
../Core/Src/tft.c:906:6:invertDisplay	24	static
../Core/Src/tft.c:952:7:drawFastVLine	32	static
../Core/Src/tft.c:956:7:drawFastHLine	32	static
../Core/Src/tft.c:961:6:writePixel	16	static
../Core/Src/tft.c:966:6:writeLine	48	static
../Core/Src/tft.c:1007:6:drawLine	40	static
../Core/Src/tft.c:1020:6:drawCircle	40	static
../Core/Src/tft.c:1054:6:drawCircleHelper	40	static
../Core/Src/tft.c:1090:6:fillCircle	32	static
../Core/Src/tft.c:1096:6:fillCircleHelper	40	static
../Core/Src/tft.c:1133:6:drawRect	24	static
../Core/Src/tft.c:1141:6:fillRect	32	static
../Core/Src/tft.c:1230:6:drawRoundRect	40	static
../Core/Src/tft.c:1247:6:fillRoundRect	40	static
../Core/Src/tft.c:1259:6:drawTriangle	32	static
../Core/Src/tft.c:1267:6:fillTriangle	72	static
../Core/Src/tft.c:1347:6:testFillScreen	8	static
../Core/Src/tft.c:1356:6:testLines	56	static
../Core/Src/tft.c:1399:6:testFastLines	32	static
../Core/Src/tft.c:1408:6:testRects	56	static
../Core/Src/tft.c:1422:6:testFilledRects	56	static
../Core/Src/tft.c:1439:6:testFilledCircles	40	static
../Core/Src/tft.c:1452:6:testCircles	40	static
../Core/Src/tft.c:1468:6:testTriangles	64	static
../Core/Src/tft.c:1484:6:testFilledTriangles	64	static
../Core/Src/tft.c:1497:6:testRoundRects	72	static
../Core/Src/tft.c:1514:6:testFilledRoundRects	64	static
../Core/Src/tft.c:1532:6:drawChar	56	static
../Core/Src/tft.c:1582:8:write	48	static
../Core/Src/tft.c:1621:6:setFont	16	static
../Core/Src/tft.c:1650:6:charBounds	56	static
../Core/Src/tft.c:1720:6:getTextBounds	64	static
../Core/Src/tft.c:1743:6:printnewtstr	24	static
../Core/Src/tft.c:1752:6:printstr	16	static
../Core/Src/tft.c:1757:6:setTextWrap	16	static
../Core/Src/tft.c:1759:6:setTextColor	16	static
../Core/Src/tft.c:1764:6:setTextSize	16	static
../Core/Src/tft.c:1769:6:setCursor	16	static
../Core/Src/tft.c:1771:9:getRotation	4	static
../Core/Src/tft.c:1776:6:scrollup	24	static
../Core/Src/tft.c:1790:6:scrolldown	24	static
